Archive member included to satisfy reference by file (symbol)

c:/st/stm32cubeide_1.5.1/stm32cubeide/plugins/com.st.stm32cube.ide.mcu.externaltools.gnu-tools-for-stm32.9-2020-q2-update.win32_1.5.0.202011040924/tools/bin/../lib/gcc/arm-none-eabi/9.3.1/../../../../arm-none-eabi/lib/thumb/v7e-m+fp/hard\libc_nano.a(lib_a-errno.o)
                              Core/Src/syscalls.o (__errno)
c:/st/stm32cubeide_1.5.1/stm32cubeide/plugins/com.st.stm32cube.ide.mcu.externaltools.gnu-tools-for-stm32.9-2020-q2-update.win32_1.5.0.202011040924/tools/bin/../lib/gcc/arm-none-eabi/9.3.1/../../../../arm-none-eabi/lib/thumb/v7e-m+fp/hard\libc_nano.a(lib_a-exit.o)
                              c:/st/stm32cubeide_1.5.1/stm32cubeide/plugins/com.st.stm32cube.ide.mcu.externaltools.gnu-tools-for-stm32.9-2020-q2-update.win32_1.5.0.202011040924/tools/bin/../lib/gcc/arm-none-eabi/9.3.1/../../../../arm-none-eabi/lib/thumb/v7e-m+fp/hard/crt0.o (exit)
c:/st/stm32cubeide_1.5.1/stm32cubeide/plugins/com.st.stm32cube.ide.mcu.externaltools.gnu-tools-for-stm32.9-2020-q2-update.win32_1.5.0.202011040924/tools/bin/../lib/gcc/arm-none-eabi/9.3.1/../../../../arm-none-eabi/lib/thumb/v7e-m+fp/hard\libc_nano.a(lib_a-impure.o)
                              c:/st/stm32cubeide_1.5.1/stm32cubeide/plugins/com.st.stm32cube.ide.mcu.externaltools.gnu-tools-for-stm32.9-2020-q2-update.win32_1.5.0.202011040924/tools/bin/../lib/gcc/arm-none-eabi/9.3.1/../../../../arm-none-eabi/lib/thumb/v7e-m+fp/hard\libc_nano.a(lib_a-exit.o) (_global_impure_ptr)
c:/st/stm32cubeide_1.5.1/stm32cubeide/plugins/com.st.stm32cube.ide.mcu.externaltools.gnu-tools-for-stm32.9-2020-q2-update.win32_1.5.0.202011040924/tools/bin/../lib/gcc/arm-none-eabi/9.3.1/../../../../arm-none-eabi/lib/thumb/v7e-m+fp/hard\libc_nano.a(lib_a-init.o)
                              c:/st/stm32cubeide_1.5.1/stm32cubeide/plugins/com.st.stm32cube.ide.mcu.externaltools.gnu-tools-for-stm32.9-2020-q2-update.win32_1.5.0.202011040924/tools/bin/../lib/gcc/arm-none-eabi/9.3.1/../../../../arm-none-eabi/lib/thumb/v7e-m+fp/hard/crt0.o (__libc_init_array)
c:/st/stm32cubeide_1.5.1/stm32cubeide/plugins/com.st.stm32cube.ide.mcu.externaltools.gnu-tools-for-stm32.9-2020-q2-update.win32_1.5.0.202011040924/tools/bin/../lib/gcc/arm-none-eabi/9.3.1/../../../../arm-none-eabi/lib/thumb/v7e-m+fp/hard\libc_nano.a(lib_a-memcpy-stub.o)
                              Middlewares/Third_Party/FreeRTOS/Source/CMSIS_RTOS_V2/cmsis_os2.o (memcpy)
c:/st/stm32cubeide_1.5.1/stm32cubeide/plugins/com.st.stm32cube.ide.mcu.externaltools.gnu-tools-for-stm32.9-2020-q2-update.win32_1.5.0.202011040924/tools/bin/../lib/gcc/arm-none-eabi/9.3.1/../../../../arm-none-eabi/lib/thumb/v7e-m+fp/hard\libc_nano.a(lib_a-memset.o)
                              c:/st/stm32cubeide_1.5.1/stm32cubeide/plugins/com.st.stm32cube.ide.mcu.externaltools.gnu-tools-for-stm32.9-2020-q2-update.win32_1.5.0.202011040924/tools/bin/../lib/gcc/arm-none-eabi/9.3.1/../../../../arm-none-eabi/lib/thumb/v7e-m+fp/hard/crt0.o (memset)
c:/st/stm32cubeide_1.5.1/stm32cubeide/plugins/com.st.stm32cube.ide.mcu.externaltools.gnu-tools-for-stm32.9-2020-q2-update.win32_1.5.0.202011040924/tools/bin/../lib/gcc/arm-none-eabi/9.3.1/../../../../arm-none-eabi/lib/thumb/v7e-m+fp/hard\libc_nano.a(lib_a-strlen.o)
                              Core/Src/fonts.o (strlen)

Allocating common symbols
Common symbol       size              file

hi2c1               0x4c              Core/Src/i2c.o
OLEDHandle          0x4               Core/Src/freertos.o
uwTick              0x4               Drivers/STM32L4xx_HAL_Driver/Src/stm32l4xx_hal.o
xQueueRegistry      0x40              Middlewares/Third_Party/FreeRTOS/Source/queue.o
MOTORHandle         0x4               Core/Src/freertos.o
prevReading         0x4               Core/Src/freertos.o
htim6               0x4c              Core/Src/stm32l4xx_hal_timebase_tim.o

Discarded input sections

 .text          0x0000000000000000        0x0 c:/st/stm32cubeide_1.5.1/stm32cubeide/plugins/com.st.stm32cube.ide.mcu.externaltools.gnu-tools-for-stm32.9-2020-q2-update.win32_1.5.0.202011040924/tools/bin/../lib/gcc/arm-none-eabi/9.3.1/thumb/v7e-m+fp/hard/crti.o
 .data          0x0000000000000000        0x0 c:/st/stm32cubeide_1.5.1/stm32cubeide/plugins/com.st.stm32cube.ide.mcu.externaltools.gnu-tools-for-stm32.9-2020-q2-update.win32_1.5.0.202011040924/tools/bin/../lib/gcc/arm-none-eabi/9.3.1/thumb/v7e-m+fp/hard/crti.o
 .bss           0x0000000000000000        0x0 c:/st/stm32cubeide_1.5.1/stm32cubeide/plugins/com.st.stm32cube.ide.mcu.externaltools.gnu-tools-for-stm32.9-2020-q2-update.win32_1.5.0.202011040924/tools/bin/../lib/gcc/arm-none-eabi/9.3.1/thumb/v7e-m+fp/hard/crti.o
 .data          0x0000000000000000        0x4 c:/st/stm32cubeide_1.5.1/stm32cubeide/plugins/com.st.stm32cube.ide.mcu.externaltools.gnu-tools-for-stm32.9-2020-q2-update.win32_1.5.0.202011040924/tools/bin/../lib/gcc/arm-none-eabi/9.3.1/thumb/v7e-m+fp/hard/crtbegin.o
[...]
Memory Configuration

Name             Origin             Length             Attributes
RAM              0x0000000020000000 0x0000000000050000 xrw
FLASH            0x0000000008000000 0x0000000000100000 xr
*default*        0x0000000000000000 0xffffffffffffffff

Linker script and memory map

LOAD c:/st/stm32cubeide_1.5.1/stm32cubeide/plugins/com.st.stm32cube.ide.mcu.externaltools.gnu-tools-for-stm32.9-2020-q2-update.win32_1.5.0.202011040924/tools/bin/../lib/gcc/arm-none-eabi/9.3.1/thumb/v7e-m+fp/hard/crti.o
LOAD c:/st/stm32cubeide_1.5.1/stm32cubeide/plugins/com.st.stm32cube.ide.mcu.externaltools.gnu-tools-for-stm32.9-2020-q2-update.win32_1.5.0.202011040924/tools/bin/../lib/gcc/arm-none-eabi/9.3.1/thumb/v7e-m+fp/hard/crtbegin.o
LOAD c:/st/stm32cubeide_1.5.1/stm32cubeide/plugins/com.st.stm32cube.ide.mcu.externaltools.gnu-tools-for-stm32.9-2020-q2-update.win32_1.5.0.202011040924/tools/bin/../lib/gcc/arm-none-eabi/9.3.1/../../../../arm-none-eabi/lib/thumb/v7e-m+fp/hard/crt0.o
LOAD Core/Src/HX711.o
LOAD Core/Src/StepLib.o
LOAD Core/Src/fonts.o
LOAD Core/Src/freertos.o
LOAD Core/Src/gpio.o
LOAD Core/Src/i2c.o
LOAD Core/Src/main.o
LOAD Core/Src/ssd1306.o
LOAD Core/Src/stm32l4xx_hal_msp.o
LOAD Core/Src/stm32l4xx_hal_timebase_tim.o
LOAD Core/Src/stm32l4xx_it.o
LOAD Core/Src/syscalls.o
LOAD Core/Src/sysmem.o
LOAD Core/Src/system_stm32l4xx.o
LOAD Core/Src/test.o
LOAD Core/Startup/startup_stm32l496zgtx.o
LOAD Drivers/STM32L4xx_HAL_Driver/Src/stm32l4xx_hal.o
LOAD Drivers/STM32L4xx_HAL_Driver/Src/stm32l4xx_hal_cortex.o
LOAD Drivers/STM32L4xx_HAL_Driver/Src/stm32l4xx_hal_dma.o
LOAD Drivers/STM32L4xx_HAL_Driver/Src/stm32l4xx_hal_dma_ex.o
LOAD Drivers/STM32L4xx_HAL_Driver/Src/stm32l4xx_hal_exti.o
LOAD Drivers/STM32L4xx_HAL_Driver/Src/stm32l4xx_hal_flash.o
LOAD Drivers/STM32L4xx_HAL_Driver/Src/stm32l4xx_hal_flash_ex.o
LOAD Drivers/STM32L4xx_HAL_Driver/Src/stm32l4xx_hal_flash_ramfunc.o
LOAD Drivers/STM32L4xx_HAL_Driver/Src/stm32l4xx_hal_gpio.o
LOAD Drivers/STM32L4xx_HAL_Driver/Src/stm32l4xx_hal_i2c.o
LOAD Drivers/STM32L4xx_HAL_Driver/Src/stm32l4xx_hal_i2c_ex.o
LOAD Drivers/STM32L4xx_HAL_Driver/Src/stm32l4xx_hal_pwr.o
LOAD Drivers/STM32L4xx_HAL_Driver/Src/stm32l4xx_hal_pwr_ex.o
LOAD Drivers/STM32L4xx_HAL_Driver/Src/stm32l4xx_hal_rcc.o
LOAD Drivers/STM32L4xx_HAL_Driver/Src/stm32l4xx_hal_rcc_ex.o
LOAD Drivers/STM32L4xx_HAL_Driver/Src/stm32l4xx_hal_tim.o
LOAD Drivers/STM32L4xx_HAL_Driver/Src/stm32l4xx_hal_tim_ex.o
LOAD Middlewares/Third_Party/FreeRTOS/Source/CMSIS_RTOS_V2/cmsis_os2.o
LOAD Middlewares/Third_Party/FreeRTOS/Source/croutine.o
LOAD Middlewares/Third_Party/FreeRTOS/Source/event_groups.o
LOAD Middlewares/Third_Party/FreeRTOS/Source/list.o
LOAD Middlewares/Third_Party/FreeRTOS/Source/queue.o
LOAD Middlewares/Third_Party/FreeRTOS/Source/stream_buffer.o
LOAD Middlewares/Third_Party/FreeRTOS/Source/tasks.o
LOAD Middlewares/Third_Party/FreeRTOS/Source/timers.o
LOAD Middlewares/Third_Party/FreeRTOS/Source/portable/GCC/ARM_CM4F/port.o
LOAD Middlewares/Third_Party/FreeRTOS/Source/portable/MemMang/heap_4.o
START GROUP
LOAD c:/st/stm32cubeide_1.5.1/stm32cubeide/plugins/com.st.stm32cube.ide.mcu.externaltools.gnu-tools-for-stm32.9-2020-q2-update.win32_1.5.0.202011040924/tools/bin/../lib/gcc/arm-none-eabi/9.3.1/../../../../arm-none-eabi/lib/thumb/v7e-m+fp/hard\libc_nano.a
LOAD c:/st/stm32cubeide_1.5.1/stm32cubeide/plugins/com.st.stm32cube.ide.mcu.externaltools.gnu-tools-for-stm32.9-2020-q2-update.win32_1.5.0.202011040924/tools/bin/../lib/gcc/arm-none-eabi/9.3.1/../../../../arm-none-eabi/lib/thumb/v7e-m+fp/hard\libm.a
END GROUP
START GROUP
LOAD c:/st/stm32cubeide_1.5.1/stm32cubeide/plugins/com.st.stm32cube.ide.mcu.externaltools.gnu-tools-for-stm32.9-2020-q2-update.win32_1.5.0.202011040924/tools/bin/../lib/gcc/arm-none-eabi/9.3.1/thumb/v7e-m+fp/hard\libgcc.a
LOAD c:/st/stm32cubeide_1.5.1/stm32cubeide/plugins/com.st.stm32cube.ide.mcu.externaltools.gnu-tools-for-stm32.9-2020-q2-update.win32_1.5.0.202011040924/tools/bin/../lib/gcc/arm-none-eabi/9.3.1/../../../../arm-none-eabi/lib/thumb/v7e-m+fp/hard\libc_nano.a
END GROUP
START GROUP
LOAD c:/st/stm32cubeide_1.5.1/stm32cubeide/plugins/com.st.stm32cube.ide.mcu.externaltools.gnu-tools-for-stm32.9-2020-q2-update.win32_1.5.0.202011040924/tools/bin/../lib/gcc/arm-none-eabi/9.3.1/thumb/v7e-m+fp/hard\libgcc.a
LOAD c:/st/stm32cubeide_1.5.1/stm32cubeide/plugins/com.st.stm32cube.ide.mcu.externaltools.gnu-tools-for-stm32.9-2020-q2-update.win32_1.5.0.202011040924/tools/bin/../lib/gcc/arm-none-eabi/9.3.1/../../../../arm-none-eabi/lib/thumb/v7e-m+fp/hard\libc_nano.a
LOAD c:/st/stm32cubeide_1.5.1/stm32cubeide/plugins/com.st.stm32cube.ide.mcu.externaltools.gnu-tools-for-stm32.9-2020-q2-update.win32_1.5.0.202011040924/tools/bin/../lib/gcc/arm-none-eabi/9.3.1/../../../../arm-none-eabi/lib/thumb/v7e-m+fp/hard\libnosys.a
END GROUP
START GROUP
LOAD c:/st/stm32cubeide_1.5.1/stm32cubeide/plugins/com.st.stm32cube.ide.mcu.externaltools.gnu-tools-for-stm32.9-2020-q2-update.win32_1.5.0.202011040924/tools/bin/../lib/gcc/arm-none-eabi/9.3.1/thumb/v7e-m+fp/hard\libgcc.a
LOAD c:/st/stm32cubeide_1.5.1/stm32cubeide/plugins/com.st.stm32cube.ide.mcu.externaltools.gnu-tools-for-stm32.9-2020-q2-update.win32_1.5.0.202011040924/tools/bin/../lib/gcc/arm-none-eabi/9.3.1/../../../../arm-none-eabi/lib/thumb/v7e-m+fp/hard\libc_nano.a
LOAD c:/st/stm32cubeide_1.5.1/stm32cubeide/plugins/com.st.stm32cube.ide.mcu.externaltools.gnu-tools-for-stm32.9-2020-q2-update.win32_1.5.0.202011040924/tools/bin/../lib/gcc/arm-none-eabi/9.3.1/../../../../arm-none-eabi/lib/thumb/v7e-m+fp/hard\libnosys.a
END GROUP
LOAD c:/st/stm32cubeide_1.5.1/stm32cubeide/plugins/com.st.stm32cube.ide.mcu.externaltools.gnu-tools-for-stm32.9-2020-q2-update.win32_1.5.0.202011040924/tools/bin/../lib/gcc/arm-none-eabi/9.3.1/thumb/v7e-m+fp/hard/crtend.o
LOAD c:/st/stm32cubeide_1.5.1/stm32cubeide/plugins/com.st.stm32cube.ide.mcu.externaltools.gnu-tools-for-stm32.9-2020-q2-update.win32_1.5.0.202011040924/tools/bin/../lib/gcc/arm-none-eabi/9.3.1/thumb/v7e-m+fp/hard/crtn.o
                0x0000000020050000                _estack = (ORIGIN (RAM) + LENGTH (RAM))
                0x0000000000000200                _Min_Heap_Size = 0x200
                0x0000000000000400                _Min_Stack_Size = 0x400

.isr_vector     0x0000000008000000      0x1ac
                0x0000000008000000                . = ALIGN (0x4)
 *(.isr_vector)
 .isr_vector    0x0000000008000000      0x1ac Core/Startup/startup_stm32l496zgtx.o
                0x0000000008000000                g_pfnVectors
                0x00000000080001ac                . = ALIGN (0x4)

.text           0x00000000080001b0     0x69b8
                0x00000000080001b0                . = ALIGN (0x4)
 *(.text)
 .text          0x00000000080001b0       0x40 c:/st/stm32cubeide_1.5.1/stm32cubeide/plugins/com.st.stm32cube.ide.mcu.externaltools.gnu-tools-for-stm32.9-2020-q2-update.win32_1.5.0.202011040924/tools/bin/../lib/gcc/arm-none-eabi/9.3.1/thumb/v7e-m+fp/hard/crtbegin.o
 *(.text*)
 .text.MX_FREERTOS_Init
                0x00000000080001f0       0x40 Core/Src/freertos.o
                0x00000000080001f0                MX_FREERTOS_Init
 .text.OLEDupdater
                0x0000000008000230       0xf0 Core/Src/freertos.o
                0x0000000008000230                OLEDupdater
 .text.MOTORupdater
                0x0000000008000320       0x80 Core/Src/freertos.o
                0x0000000008000320                MOTORupdater
 .text.motorInit
                0x00000000080003a0       0x88 Core/Src/freertos.o
                0x00000000080003a0                motorInit
 .text.castPole
                0x0000000008000428       0x60 Core/Src/freertos.o
                0x0000000008000428                castPole
 .text.reelPole
                0x0000000008000488       0x60 Core/Src/freertos.o
                0x0000000008000488                reelPole
 .text.rejectFish
                0x00000000080004e8      0x104 Core/Src/freertos.o
                0x00000000080004e8                rejectFish
 .text.MX_GPIO_Init
                0x00000000080005ec      0x19c Core/Src/gpio.o
                0x00000000080005ec                MX_GPIO_Init
 .text.HAL_GPIO_EXTI_Callback
                0x0000000008000788      0x128 Core/Src/gpio.o
                0x0000000008000788                HAL_GPIO_EXTI_Callback
 .text.MX_I2C1_Init
                0x00000000080008b0       0x7c Core/Src/i2c.o
                0x00000000080008b0                MX_I2C1_Init
 .text.HAL_I2C_MspInit
                0x000000000800092c       0x88 Core/Src/i2c.o
                0x000000000800092c                HAL_I2C_MspInit
 .text.main     0x00000000080009b4      0x158 Core/Src/main.o
                0x00000000080009b4                main
 .text.SystemClock_Config
                0x0000000008000b0c       0xca Core/Src/main.o
                0x0000000008000b0c                SystemClock_Config
 *fill*         0x0000000008000bd6        0x2 
 .text.HAL_TIM_PeriodElapsedCallback
                0x0000000008000bd8       0x24 Core/Src/main.o
                0x0000000008000bd8                HAL_TIM_PeriodElapsedCallback
 .text.Error_Handler
                0x0000000008000bfc        0xa Core/Src/main.o
                0x0000000008000bfc                Error_Handler
 .text.SSD1306_InvertDisplay
                0x0000000008000c06       0x2c Core/Src/ssd1306.o
                0x0000000008000c06                SSD1306_InvertDisplay
 *fill*         0x0000000008000c32        0x2 
 .text.SSD1306_Init
                0x0000000008000c34      0x188 Core/Src/ssd1306.o
                0x0000000008000c34                SSD1306_Init
 .text.SSD1306_UpdateScreen
                0x0000000008000dbc       0x5c Core/Src/ssd1306.o
                0x0000000008000dbc                SSD1306_UpdateScreen
 .text.SSD1306_Fill
                0x0000000008000e18       0x30 Core/Src/ssd1306.o
                0x0000000008000e18                SSD1306_Fill
 .text.SSD1306_DrawPixel
                0x0000000008000e48       0xc0 Core/Src/ssd1306.o
                0x0000000008000e48                SSD1306_DrawPixel
 .text.SSD1306_GotoXY
                0x0000000008000f08       0x2c Core/Src/ssd1306.o
                0x0000000008000f08                SSD1306_GotoXY
 .text.SSD1306_Putc
                0x0000000008000f34      0x100 Core/Src/ssd1306.o
                0x0000000008000f34                SSD1306_Putc
 .text.SSD1306_Puts
                0x0000000008001034       0x4a Core/Src/ssd1306.o
                0x0000000008001034                SSD1306_Puts
 .text.SSD1306_Clear
                0x000000000800107e       0x12 Core/Src/ssd1306.o
                0x000000000800107e                SSD1306_Clear
 .text.ssd1306_I2C_Init
                0x0000000008001090       0x2c Core/Src/ssd1306.o
                0x0000000008001090                ssd1306_I2C_Init
 .text.ssd1306_I2C_WriteMulti
                0x00000000080010bc       0x90 Core/Src/ssd1306.o
                0x00000000080010bc                ssd1306_I2C_WriteMulti
 .text.ssd1306_I2C_Write
                0x000000000800114c       0x3c Core/Src/ssd1306.o
                0x000000000800114c                ssd1306_I2C_Write
 .text.HAL_MspInit
                0x0000000008001188       0x50 Core/Src/stm32l4xx_hal_msp.o
                0x0000000008001188                HAL_MspInit
 .text.HAL_InitTick
                0x00000000080011d8       0xac Core/Src/stm32l4xx_hal_timebase_tim.o
                0x00000000080011d8                HAL_InitTick
 .text.NMI_Handler
                0x0000000008001284        0x6 Core/Src/stm32l4xx_it.o
                0x0000000008001284                NMI_Handler
 .text.HardFault_Handler
                0x000000000800128a        0x6 Core/Src/stm32l4xx_it.o
                0x000000000800128a                HardFault_Handler
 .text.MemManage_Handler
                0x0000000008001290        0x6 Core/Src/stm32l4xx_it.o
                0x0000000008001290                MemManage_Handler
 .text.BusFault_Handler
                0x0000000008001296        0x6 Core/Src/stm32l4xx_it.o
                0x0000000008001296                BusFault_Handler
 .text.UsageFault_Handler
                0x000000000800129c        0x6 Core/Src/stm32l4xx_it.o
                0x000000000800129c                UsageFault_Handler
 .text.DebugMon_Handler
                0x00000000080012a2        0xe Core/Src/stm32l4xx_it.o
                0x00000000080012a2                DebugMon_Handler
 .text.EXTI9_5_IRQHandler
                0x00000000080012b0        0xe Core/Src/stm32l4xx_it.o
                0x00000000080012b0                EXTI9_5_IRQHandler
 .text.EXTI15_10_IRQHandler
                0x00000000080012be       0x10 Core/Src/stm32l4xx_it.o
                0x00000000080012be                EXTI15_10_IRQHandler
 *fill*         0x00000000080012ce        0x2 
 .text.TIM6_DAC_IRQHandler
                0x00000000080012d0       0x14 Core/Src/stm32l4xx_it.o
                0x00000000080012d0                TIM6_DAC_IRQHandler
 .text.SystemInit
                0x00000000080012e4       0x6c Core/Src/system_stm32l4xx.o
                0x00000000080012e4                SystemInit
 .text.Reset_Handler
                0x0000000008001350       0x50 Core/Startup/startup_stm32l496zgtx.o
                0x0000000008001350                Reset_Handler
 .text.Default_Handler
                0x00000000080013a0        0x2 Core/Startup/startup_stm32l496zgtx.o
                0x00000000080013a0                RTC_Alarm_IRQHandler
                0x00000000080013a0                EXTI2_IRQHandler
                0x00000000080013a0                TIM8_TRG_COM_IRQHandler
                0x00000000080013a0                TIM8_CC_IRQHandler
                0x00000000080013a0                TIM1_CC_IRQHandler
                0x00000000080013a0                TSC_IRQHandler
                0x00000000080013a0                TAMP_STAMP_IRQHandler
                0x00000000080013a0                CAN2_RX1_IRQHandler
                0x00000000080013a0                EXTI3_IRQHandler
                0x00000000080013a0                LPTIM2_IRQHandler
                0x00000000080013a0                DFSDM1_FLT1_IRQHandler
                0x00000000080013a0                I2C3_ER_IRQHandler
                0x00000000080013a0                DFSDM1_FLT2_IRQHandler
                0x00000000080013a0                EXTI0_IRQHandler
                0x00000000080013a0                I2C2_EV_IRQHandler
                0x00000000080013a0                CAN1_RX0_IRQHandler
                0x00000000080013a0                FPU_IRQHandler
                0x00000000080013a0                TIM1_UP_TIM16_IRQHandler
                0x00000000080013a0                CAN2_SCE_IRQHandler
                0x00000000080013a0                ADC1_2_IRQHandler
                0x00000000080013a0                SPI1_IRQHandler
                0x00000000080013a0                DCMI_IRQHandler
                0x00000000080013a0                CAN2_RX0_IRQHandler
                0x00000000080013a0                TIM8_UP_IRQHandler
                0x00000000080013a0                DMA2_Channel2_IRQHandler
                0x00000000080013a0                DMA1_Channel4_IRQHandler
                0x00000000080013a0                SAI2_IRQHandler
                0x00000000080013a0                DFSDM1_FLT3_IRQHandler
                0x00000000080013a0                USART3_IRQHandler
                0x00000000080013a0                DMA1_Channel7_IRQHandler
                0x00000000080013a0                CAN1_RX1_IRQHandler
                0x00000000080013a0                LCD_IRQHandler
                0x00000000080013a0                UART5_IRQHandler
                0x00000000080013a0                ADC3_IRQHandler
                0x00000000080013a0                TIM4_IRQHandler
                0x00000000080013a0                DMA2_Channel1_IRQHandler
                0x00000000080013a0                QUADSPI_IRQHandler
                0x00000000080013a0                I2C1_EV_IRQHandler
                0x00000000080013a0                DMA1_Channel6_IRQHandler
                0x00000000080013a0                UART4_IRQHandler
                0x00000000080013a0                DMA2_Channel4_IRQHandler
                0x00000000080013a0                TIM3_IRQHandler
                0x00000000080013a0                RCC_IRQHandler
                0x00000000080013a0                DMA1_Channel1_IRQHandler
                0x00000000080013a0                Default_Handler
                0x00000000080013a0                DMA2_Channel7_IRQHandler
                0x00000000080013a0                TIM7_IRQHandler
                0x00000000080013a0                SDMMC1_IRQHandler
                0x00000000080013a0                CAN2_TX_IRQHandler
                0x00000000080013a0                TIM5_IRQHandler
                0x00000000080013a0                I2C3_EV_IRQHandler
                0x00000000080013a0                RTC_WKUP_IRQHandler
                0x00000000080013a0                PVD_PVM_IRQHandler
                0x00000000080013a0                SPI2_IRQHandler
                0x00000000080013a0                CAN1_TX_IRQHandler
                0x00000000080013a0                DMA2_Channel5_IRQHandler
                0x00000000080013a0                CRS_IRQHandler
                0x00000000080013a0                DMA1_Channel5_IRQHandler
                0x00000000080013a0                EXTI4_IRQHandler
                0x00000000080013a0                RNG_IRQHandler
                0x00000000080013a0                TIM1_TRG_COM_TIM17_IRQHandler
                0x00000000080013a0                DMA1_Channel3_IRQHandler
                0x00000000080013a0                COMP_IRQHandler
                0x00000000080013a0                WWDG_IRQHandler
                0x00000000080013a0                I2C4_EV_IRQHandler
                0x00000000080013a0                LPUART1_IRQHandler
                0x00000000080013a0                DMA2_Channel6_IRQHandler
                0x00000000080013a0                TIM2_IRQHandler
                0x00000000080013a0                EXTI1_IRQHandler
                0x00000000080013a0                USART2_IRQHandler
                0x00000000080013a0                DFSDM1_FLT0_IRQHandler
                0x00000000080013a0                I2C2_ER_IRQHandler
                0x00000000080013a0                DMA1_Channel2_IRQHandler
                0x00000000080013a0                TIM8_BRK_IRQHandler
                0x00000000080013a0                CAN1_SCE_IRQHandler
                0x00000000080013a0                FLASH_IRQHandler
                0x00000000080013a0                USART1_IRQHandler
                0x00000000080013a0                OTG_FS_IRQHandler
                0x00000000080013a0                SPI3_IRQHandler
                0x00000000080013a0                I2C1_ER_IRQHandler
                0x00000000080013a0                FMC_IRQHandler
                0x00000000080013a0                SWPMI1_IRQHandler
                0x00000000080013a0                LPTIM1_IRQHandler
                0x00000000080013a0                I2C4_ER_IRQHandler
                0x00000000080013a0                SAI1_IRQHandler
                0x00000000080013a0                DMA2_Channel3_IRQHandler
                0x00000000080013a0                TIM1_BRK_TIM15_IRQHandler
 .text.HAL_Init
                0x00000000080013a2       0x30 Drivers/STM32L4xx_HAL_Driver/Src/stm32l4xx_hal.o
                0x00000000080013a2                HAL_Init
 *fill*         0x00000000080013d2        0x2 
 .text.HAL_IncTick
                0x00000000080013d4       0x28 Drivers/STM32L4xx_HAL_Driver/Src/stm32l4xx_hal.o
                0x00000000080013d4                HAL_IncTick
 .text.HAL_GetTick
                0x00000000080013fc       0x18 Drivers/STM32L4xx_HAL_Driver/Src/stm32l4xx_hal.o
                0x00000000080013fc                HAL_GetTick
 .text.HAL_Delay
                0x0000000008001414       0x48 Drivers/STM32L4xx_HAL_Driver/Src/stm32l4xx_hal.o
                0x0000000008001414                HAL_Delay
 .text.__NVIC_SetPriorityGrouping
                0x000000000800145c       0x48 Drivers/STM32L4xx_HAL_Driver/Src/stm32l4xx_hal_cortex.o
 .text.__NVIC_GetPriorityGrouping
                0x00000000080014a4       0x1c Drivers/STM32L4xx_HAL_Driver/Src/stm32l4xx_hal_cortex.o
 .text.__NVIC_EnableIRQ
                0x00000000080014c0       0x3c Drivers/STM32L4xx_HAL_Driver/Src/stm32l4xx_hal_cortex.o
 .text.__NVIC_SetPriority
                0x00000000080014fc       0x54 Drivers/STM32L4xx_HAL_Driver/Src/stm32l4xx_hal_cortex.o
 .text.NVIC_EncodePriority
                0x0000000008001550       0x66 Drivers/STM32L4xx_HAL_Driver/Src/stm32l4xx_hal_cortex.o
 .text.HAL_NVIC_SetPriorityGrouping
                0x00000000080015b6       0x16 Drivers/STM32L4xx_HAL_Driver/Src/stm32l4xx_hal_cortex.o
                0x00000000080015b6                HAL_NVIC_SetPriorityGrouping
 .text.HAL_NVIC_SetPriority
                0x00000000080015cc       0x38 Drivers/STM32L4xx_HAL_Driver/Src/stm32l4xx_hal_cortex.o
                0x00000000080015cc                HAL_NVIC_SetPriority
 .text.HAL_NVIC_EnableIRQ
                0x0000000008001604       0x1c Drivers/STM32L4xx_HAL_Driver/Src/stm32l4xx_hal_cortex.o
                0x0000000008001604                HAL_NVIC_EnableIRQ
 .text.HAL_GPIO_Init
                0x0000000008001620      0x324 Drivers/STM32L4xx_HAL_Driver/Src/stm32l4xx_hal_gpio.o
                0x0000000008001620                HAL_GPIO_Init
 .text.HAL_GPIO_ReadPin
                0x0000000008001944       0x30 Drivers/STM32L4xx_HAL_Driver/Src/stm32l4xx_hal_gpio.o
                0x0000000008001944                HAL_GPIO_ReadPin
 .text.HAL_GPIO_WritePin
                0x0000000008001974       0x30 Drivers/STM32L4xx_HAL_Driver/Src/stm32l4xx_hal_gpio.o
                0x0000000008001974                HAL_GPIO_WritePin
 .text.HAL_GPIO_EXTI_IRQHandler
                0x00000000080019a4       0x30 Drivers/STM32L4xx_HAL_Driver/Src/stm32l4xx_hal_gpio.o
                0x00000000080019a4                HAL_GPIO_EXTI_IRQHandler
 .text.HAL_I2C_Init
                0x00000000080019d4      0x11e Drivers/STM32L4xx_HAL_Driver/Src/stm32l4xx_hal_i2c.o
                0x00000000080019d4                HAL_I2C_Init
 *fill*         0x0000000008001af2        0x2 
 .text.HAL_I2C_Master_Transmit
                0x0000000008001af4      0x1e8 Drivers/STM32L4xx_HAL_Driver/Src/stm32l4xx_hal_i2c.o
                0x0000000008001af4                HAL_I2C_Master_Transmit
 .text.HAL_I2C_IsDeviceReady
                0x0000000008001cdc      0x20e Drivers/STM32L4xx_HAL_Driver/Src/stm32l4xx_hal_i2c.o
                0x0000000008001cdc                HAL_I2C_IsDeviceReady
 .text.I2C_Flush_TXDR
                0x0000000008001eea       0x48 Drivers/STM32L4xx_HAL_Driver/Src/stm32l4xx_hal_i2c.o
 .text.I2C_WaitOnFlagUntilTimeout
                0x0000000008001f32       0x80 Drivers/STM32L4xx_HAL_Driver/Src/stm32l4xx_hal_i2c.o
 .text.I2C_WaitOnTXISFlagUntilTimeout
                0x0000000008001fb2       0x80 Drivers/STM32L4xx_HAL_Driver/Src/stm32l4xx_hal_i2c.o
 .text.I2C_WaitOnSTOPFlagUntilTimeout
                0x0000000008002032       0x78 Drivers/STM32L4xx_HAL_Driver/Src/stm32l4xx_hal_i2c.o
 *fill*         0x00000000080020aa        0x2 
 .text.I2C_IsAcknowledgeFailed
                0x00000000080020ac       0xcc Drivers/STM32L4xx_HAL_Driver/Src/stm32l4xx_hal_i2c.o
 .text.I2C_TransferConfig
                0x0000000008002178       0x5c Drivers/STM32L4xx_HAL_Driver/Src/stm32l4xx_hal_i2c.o
 .text.HAL_I2CEx_ConfigAnalogFilter
                0x00000000080021d4       0x96 Drivers/STM32L4xx_HAL_Driver/Src/stm32l4xx_hal_i2c_ex.o
                0x00000000080021d4                HAL_I2CEx_ConfigAnalogFilter
 .text.HAL_I2CEx_ConfigDigitalFilter
                0x000000000800226a       0x98 Drivers/STM32L4xx_HAL_Driver/Src/stm32l4xx_hal_i2c_ex.o
                0x000000000800226a                HAL_I2CEx_ConfigDigitalFilter
 *fill*         0x0000000008002302        0x2 
 .text.HAL_PWREx_GetVoltageRange
                0x0000000008002304       0x1c Drivers/STM32L4xx_HAL_Driver/Src/stm32l4xx_hal_pwr_ex.o
                0x0000000008002304                HAL_PWREx_GetVoltageRange
 .text.HAL_PWREx_ControlVoltageScaling
                0x0000000008002320       0xac Drivers/STM32L4xx_HAL_Driver/Src/stm32l4xx_hal_pwr_ex.o
                0x0000000008002320                HAL_PWREx_ControlVoltageScaling
 .text.HAL_PWREx_EnableVddIO2
                0x00000000080023cc       0x20 Drivers/STM32L4xx_HAL_Driver/Src/stm32l4xx_hal_pwr_ex.o
                0x00000000080023cc                HAL_PWREx_EnableVddIO2
 .text.HAL_RCC_OscConfig
                0x00000000080023ec      0x84c Drivers/STM32L4xx_HAL_Driver/Src/stm32l4xx_hal_rcc.o
                0x00000000080023ec                HAL_RCC_OscConfig
 .text.HAL_RCC_ClockConfig
                0x0000000008002c38      0x1c4 Drivers/STM32L4xx_HAL_Driver/Src/stm32l4xx_hal_rcc.o
                0x0000000008002c38                HAL_RCC_ClockConfig
 .text.HAL_RCC_GetSysClockFreq
                0x0000000008002dfc      0x118 Drivers/STM32L4xx_HAL_Driver/Src/stm32l4xx_hal_rcc.o
                0x0000000008002dfc                HAL_RCC_GetSysClockFreq
 .text.HAL_RCC_GetHCLKFreq
                0x0000000008002f14       0x18 Drivers/STM32L4xx_HAL_Driver/Src/stm32l4xx_hal_rcc.o
                0x0000000008002f14                HAL_RCC_GetHCLKFreq
 .text.HAL_RCC_GetPCLK1Freq
                0x0000000008002f2c       0x2c Drivers/STM32L4xx_HAL_Driver/Src/stm32l4xx_hal_rcc.o
                0x0000000008002f2c                HAL_RCC_GetPCLK1Freq
 .text.HAL_RCC_GetClockConfig
                0x0000000008002f58       0x64 Drivers/STM32L4xx_HAL_Driver/Src/stm32l4xx_hal_rcc.o
                0x0000000008002f58                HAL_RCC_GetClockConfig
 .text.RCC_SetFlashLatencyFromMSIRange
                0x0000000008002fbc       0xc0 Drivers/STM32L4xx_HAL_Driver/Src/stm32l4xx_hal_rcc.o
 .text.HAL_RCCEx_PeriphCLKConfig
                0x000000000800307c      0x5f8 Drivers/STM32L4xx_HAL_Driver/Src/stm32l4xx_hal_rcc_ex.o
                0x000000000800307c                HAL_RCCEx_PeriphCLKConfig
 .text.RCCEx_PLLSAI1_Config
                0x0000000008003674      0x1e4 Drivers/STM32L4xx_HAL_Driver/Src/stm32l4xx_hal_rcc_ex.o
 .text.RCCEx_PLLSAI2_Config
                0x0000000008003858      0x1b8 Drivers/STM32L4xx_HAL_Driver/Src/stm32l4xx_hal_rcc_ex.o
 .text.HAL_TIM_Base_Init
                0x0000000008003a10       0xae Drivers/STM32L4xx_HAL_Driver/Src/stm32l4xx_hal_tim.o
                0x0000000008003a10                HAL_TIM_Base_Init
 .text.HAL_TIM_Base_MspInit
                0x0000000008003abe       0x14 Drivers/STM32L4xx_HAL_Driver/Src/stm32l4xx_hal_tim.o
                0x0000000008003abe                HAL_TIM_Base_MspInit
 *fill*         0x0000000008003ad2        0x2 
 .text.HAL_TIM_Base_Start_IT
                0x0000000008003ad4       0xe0 Drivers/STM32L4xx_HAL_Driver/Src/stm32l4xx_hal_tim.o
                0x0000000008003ad4                HAL_TIM_Base_Start_IT
 .text.HAL_TIM_IRQHandler
                0x0000000008003bb4      0x23e Drivers/STM32L4xx_HAL_Driver/Src/stm32l4xx_hal_tim.o
                0x0000000008003bb4                HAL_TIM_IRQHandler
 .text.HAL_TIM_OC_DelayElapsedCallback
                0x0000000008003df2       0x14 Drivers/STM32L4xx_HAL_Driver/Src/stm32l4xx_hal_tim.o
                0x0000000008003df2                HAL_TIM_OC_DelayElapsedCallback
 .text.HAL_TIM_IC_CaptureCallback
                0x0000000008003e06       0x14 Drivers/STM32L4xx_HAL_Driver/Src/stm32l4xx_hal_tim.o
                0x0000000008003e06                HAL_TIM_IC_CaptureCallback
 .text.HAL_TIM_PWM_PulseFinishedCallback
                0x0000000008003e1a       0x14 Drivers/STM32L4xx_HAL_Driver/Src/stm32l4xx_hal_tim.o
                0x0000000008003e1a                HAL_TIM_PWM_PulseFinishedCallback
 .text.HAL_TIM_TriggerCallback
                0x0000000008003e2e       0x14 Drivers/STM32L4xx_HAL_Driver/Src/stm32l4xx_hal_tim.o
                0x0000000008003e2e                HAL_TIM_TriggerCallback
 *fill*         0x0000000008003e42        0x2 
 .text.TIM_Base_SetConfig
                0x0000000008003e44      0x134 Drivers/STM32L4xx_HAL_Driver/Src/stm32l4xx_hal_tim.o
                0x0000000008003e44                TIM_Base_SetConfig
 .text.HAL_TIMEx_CommutCallback
                0x0000000008003f78       0x14 Drivers/STM32L4xx_HAL_Driver/Src/stm32l4xx_hal_tim_ex.o
                0x0000000008003f78                HAL_TIMEx_CommutCallback
 .text.HAL_TIMEx_BreakCallback
                0x0000000008003f8c       0x14 Drivers/STM32L4xx_HAL_Driver/Src/stm32l4xx_hal_tim_ex.o
                0x0000000008003f8c                HAL_TIMEx_BreakCallback
 .text.HAL_TIMEx_Break2Callback
                0x0000000008003fa0       0x14 Drivers/STM32L4xx_HAL_Driver/Src/stm32l4xx_hal_tim_ex.o
                0x0000000008003fa0                HAL_TIMEx_Break2Callback
 .text.__NVIC_SetPriority
                0x0000000008003fb4       0x54 Middlewares/Third_Party/FreeRTOS/Source/CMSIS_RTOS_V2/cmsis_os2.o
 .text.SysTick_Handler
                0x0000000008004008       0x20 Middlewares/Third_Party/FreeRTOS/Source/CMSIS_RTOS_V2/cmsis_os2.o
                0x0000000008004008                SysTick_Handler
 .text.SVC_Setup
                0x0000000008004028       0x12 Middlewares/Third_Party/FreeRTOS/Source/CMSIS_RTOS_V2/cmsis_os2.o
 *fill*         0x000000000800403a        0x2 
 .text.osKernelInitialize
                0x000000000800403c       0x48 Middlewares/Third_Party/FreeRTOS/Source/CMSIS_RTOS_V2/cmsis_os2.o
                0x000000000800403c                osKernelInitialize
 .text.osKernelStart
                0x0000000008004084       0x4c Middlewares/Third_Party/FreeRTOS/Source/CMSIS_RTOS_V2/cmsis_os2.o
                0x0000000008004084                osKernelStart
 .text.osThreadNew
                0x00000000080040d0      0x124 Middlewares/Third_Party/FreeRTOS/Source/CMSIS_RTOS_V2/cmsis_os2.o
                0x00000000080040d0                osThreadNew
 .text.osDelay  0x00000000080041f4       0x36 Middlewares/Third_Party/FreeRTOS/Source/CMSIS_RTOS_V2/cmsis_os2.o
                0x00000000080041f4                osDelay
 *fill*         0x000000000800422a        0x2 
 .text.vApplicationGetIdleTaskMemory
                0x000000000800422c       0x34 Middlewares/Third_Party/FreeRTOS/Source/CMSIS_RTOS_V2/cmsis_os2.o
                0x000000000800422c                vApplicationGetIdleTaskMemory
 .text.vApplicationGetTimerTaskMemory
                0x0000000008004260       0x34 Middlewares/Third_Party/FreeRTOS/Source/CMSIS_RTOS_V2/cmsis_os2.o
                0x0000000008004260                vApplicationGetTimerTaskMemory
 .text.vListInitialise
                0x0000000008004294       0x40 Middlewares/Third_Party/FreeRTOS/Source/list.o
                0x0000000008004294                vListInitialise
 .text.vListInitialiseItem
                0x00000000080042d4       0x1a Middlewares/Third_Party/FreeRTOS/Source/list.o
                0x00000000080042d4                vListInitialiseItem
 .text.vListInsertEnd
                0x00000000080042ee       0x48 Middlewares/Third_Party/FreeRTOS/Source/list.o
                0x00000000080042ee                vListInsertEnd
 .text.vListInsert
                0x0000000008004336       0x72 Middlewares/Third_Party/FreeRTOS/Source/list.o
                0x0000000008004336                vListInsert
 .text.uxListRemove
                0x00000000080043a8       0x54 Middlewares/Third_Party/FreeRTOS/Source/list.o
                0x00000000080043a8                uxListRemove
 .text.xQueueGenericReset
                0x00000000080043fc       0xd0 Middlewares/Third_Party/FreeRTOS/Source/queue.o
                0x00000000080043fc                xQueueGenericReset
 .text.xQueueGenericCreateStatic
                0x00000000080044cc       0xf0 Middlewares/Third_Party/FreeRTOS/Source/queue.o
                0x00000000080044cc                xQueueGenericCreateStatic
 .text.prvInitialiseNewQueue
                0x00000000080045bc       0x46 Middlewares/Third_Party/FreeRTOS/Source/queue.o
 *fill*         0x0000000008004602        0x2 
 .text.xQueueGenericSend
                0x0000000008004604      0x1fc Middlewares/Third_Party/FreeRTOS/Source/queue.o
                0x0000000008004604                xQueueGenericSend
 .text.xQueueGenericSendFromISR
                0x0000000008004800      0x136 Middlewares/Third_Party/FreeRTOS/Source/queue.o
                0x0000000008004800                xQueueGenericSendFromISR
 *fill*         0x0000000008004936        0x2 
 .text.xQueueReceive
                0x0000000008004938      0x1c0 Middlewares/Third_Party/FreeRTOS/Source/queue.o
                0x0000000008004938                xQueueReceive
 .text.prvCopyDataToQueue
                0x0000000008004af8       0xd4 Middlewares/Third_Party/FreeRTOS/Source/queue.o
 .text.prvCopyDataFromQueue
                0x0000000008004bcc       0x4c Middlewares/Third_Party/FreeRTOS/Source/queue.o
 .text.prvUnlockQueue
                0x0000000008004c18       0xa4 Middlewares/Third_Party/FreeRTOS/Source/queue.o
 .text.prvIsQueueEmpty
                0x0000000008004cbc       0x2c Middlewares/Third_Party/FreeRTOS/Source/queue.o
 .text.prvIsQueueFull
                0x0000000008004ce8       0x30 Middlewares/Third_Party/FreeRTOS/Source/queue.o
 .text.vQueueAddToRegistry
                0x0000000008004d18       0x54 Middlewares/Third_Party/FreeRTOS/Source/queue.o
                0x0000000008004d18                vQueueAddToRegistry
 .text.vQueueWaitForMessageRestricted
                0x0000000008004d6c       0x68 Middlewares/Third_Party/FreeRTOS/Source/queue.o
                0x0000000008004d6c                vQueueWaitForMessageRestricted
 .text.xTaskCreateStatic
                0x0000000008004dd4       0xba Middlewares/Third_Party/FreeRTOS/Source/tasks.o
                0x0000000008004dd4                xTaskCreateStatic
 .text.xTaskCreate
                0x0000000008004e8e       0x8a Middlewares/Third_Party/FreeRTOS/Source/tasks.o
                0x0000000008004e8e                xTaskCreate
 .text.prvInitialiseNewTask
                0x0000000008004f18      0x11e Middlewares/Third_Party/FreeRTOS/Source/tasks.o
 *fill*         0x0000000008005036        0x2 
 .text.prvAddNewTaskToReadyList
                0x0000000008005038       0xe0 Middlewares/Third_Party/FreeRTOS/Source/tasks.o
 .text.vTaskDelay
                0x0000000008005118       0x68 Middlewares/Third_Party/FreeRTOS/Source/tasks.o
                0x0000000008005118                vTaskDelay
 .text.vTaskStartScheduler
                0x0000000008005180       0xcc Middlewares/Third_Party/FreeRTOS/Source/tasks.o
                0x0000000008005180                vTaskStartScheduler
 .text.vTaskSuspendAll
                0x000000000800524c       0x1c Middlewares/Third_Party/FreeRTOS/Source/tasks.o
                0x000000000800524c                vTaskSuspendAll
 .text.xTaskResumeAll
                0x0000000008005268      0x13c Middlewares/Third_Party/FreeRTOS/Source/tasks.o
                0x0000000008005268                xTaskResumeAll
 .text.xTaskGetTickCount
                0x00000000080053a4       0x20 Middlewares/Third_Party/FreeRTOS/Source/tasks.o
                0x00000000080053a4                xTaskGetTickCount
 .text.xTaskIncrementTick
                0x00000000080053c4      0x174 Middlewares/Third_Party/FreeRTOS/Source/tasks.o
                0x00000000080053c4                xTaskIncrementTick
 .text.vTaskSwitchContext
                0x0000000008005538       0xbc Middlewares/Third_Party/FreeRTOS/Source/tasks.o
                0x0000000008005538                vTaskSwitchContext
 .text.vTaskPlaceOnEventList
                0x00000000080055f4       0x48 Middlewares/Third_Party/FreeRTOS/Source/tasks.o
                0x00000000080055f4                vTaskPlaceOnEventList
 .text.vTaskPlaceOnEventListRestricted
                0x000000000800563c       0x58 Middlewares/Third_Party/FreeRTOS/Source/tasks.o
                0x000000000800563c                vTaskPlaceOnEventListRestricted
 .text.xTaskRemoveFromEventList
                0x0000000008005694       0xc8 Middlewares/Third_Party/FreeRTOS/Source/tasks.o
                0x0000000008005694                xTaskRemoveFromEventList
 .text.vTaskInternalSetTimeOutState
                0x000000000800575c       0x2c Middlewares/Third_Party/FreeRTOS/Source/tasks.o
                0x000000000800575c                vTaskInternalSetTimeOutState
 .text.xTaskCheckForTimeOut
                0x0000000008005788       0xc4 Middlewares/Third_Party/FreeRTOS/Source/tasks.o
                0x0000000008005788                xTaskCheckForTimeOut
 .text.vTaskMissedYield
                0x000000000800584c       0x18 Middlewares/Third_Party/FreeRTOS/Source/tasks.o
                0x000000000800584c                vTaskMissedYield
 .text.prvIdleTask
                0x0000000008005864       0x30 Middlewares/Third_Party/FreeRTOS/Source/tasks.o
 .text.prvInitialiseTaskLists
                0x0000000008005894       0x80 Middlewares/Third_Party/FreeRTOS/Source/tasks.o
 .text.prvCheckTasksWaitingTermination
                0x0000000008005914       0x5c Middlewares/Third_Party/FreeRTOS/Source/tasks.o
 .text.prvDeleteTCB
                0x0000000008005970       0x5e Middlewares/Third_Party/FreeRTOS/Source/tasks.o
 *fill*         0x00000000080059ce        0x2 
 .text.prvResetNextTaskUnblockTime
                0x00000000080059d0       0x40 Middlewares/Third_Party/FreeRTOS/Source/tasks.o
 .text.xTaskGetSchedulerState
                0x0000000008005a10       0x3c Middlewares/Third_Party/FreeRTOS/Source/tasks.o
                0x0000000008005a10                xTaskGetSchedulerState
 .text.xTaskPriorityDisinherit
                0x0000000008005a4c       0xdc Middlewares/Third_Party/FreeRTOS/Source/tasks.o
                0x0000000008005a4c                xTaskPriorityDisinherit
 .text.prvAddCurrentTaskToDelayedList
                0x0000000008005b28       0xa8 Middlewares/Third_Party/FreeRTOS/Source/tasks.o
 .text.xTimerCreateTimerTask
                0x0000000008005bd0       0x90 Middlewares/Third_Party/FreeRTOS/Source/timers.o
                0x0000000008005bd0                xTimerCreateTimerTask
 .text.xTimerGenericCommand
                0x0000000008005c60       0x9c Middlewares/Third_Party/FreeRTOS/Source/timers.o
                0x0000000008005c60                xTimerGenericCommand
 .text.prvProcessExpiredTimer
                0x0000000008005cfc       0x98 Middlewares/Third_Party/FreeRTOS/Source/timers.o
 .text.prvTimerTask
                0x0000000008005d94       0x24 Middlewares/Third_Party/FreeRTOS/Source/timers.o
 .text.prvProcessTimerOrBlockTask
                0x0000000008005db8       0x9c Middlewares/Third_Party/FreeRTOS/Source/timers.o
 .text.prvGetNextExpireTime
                0x0000000008005e54       0x48 Middlewares/Third_Party/FreeRTOS/Source/timers.o
 .text.prvSampleTimeNow
                0x0000000008005e9c       0x40 Middlewares/Third_Party/FreeRTOS/Source/timers.o
 .text.prvInsertTimerInActiveList
                0x0000000008005edc       0x84 Middlewares/Third_Party/FreeRTOS/Source/timers.o
 .text.prvProcessReceivedCommands
                0x0000000008005f60      0x1c4 Middlewares/Third_Party/FreeRTOS/Source/timers.o
 .text.prvSwitchTimerLists
                0x0000000008006124       0xc8 Middlewares/Third_Party/FreeRTOS/Source/timers.o
 .text.prvCheckForValidListAndQueue
                0x00000000080061ec       0x80 Middlewares/Third_Party/FreeRTOS/Source/timers.o
 .text.pxPortInitialiseStack
                0x000000000800626c       0x68 Middlewares/Third_Party/FreeRTOS/Source/portable/GCC/ARM_CM4F/port.o
                0x000000000800626c                pxPortInitialiseStack
 .text.prvTaskExitError
                0x00000000080062d4       0x58 Middlewares/Third_Party/FreeRTOS/Source/portable/GCC/ARM_CM4F/port.o
 *fill*         0x000000000800632c        0x4 
 .text.SVC_Handler
                0x0000000008006330       0x28 Middlewares/Third_Party/FreeRTOS/Source/portable/GCC/ARM_CM4F/port.o
                0x0000000008006330                SVC_Handler
 .text.prvPortStartFirstTask
                0x0000000008006358       0x28 Middlewares/Third_Party/FreeRTOS/Source/portable/GCC/ARM_CM4F/port.o
 .text.xPortStartScheduler
                0x0000000008006380      0x144 Middlewares/Third_Party/FreeRTOS/Source/portable/GCC/ARM_CM4F/port.o
                0x0000000008006380                xPortStartScheduler
 .text.vPortEnterCritical
                0x00000000080064c4       0x60 Middlewares/Third_Party/FreeRTOS/Source/portable/GCC/ARM_CM4F/port.o
                0x00000000080064c4                vPortEnterCritical
 .text.vPortExitCritical
                0x0000000008006524       0x54 Middlewares/Third_Party/FreeRTOS/Source/portable/GCC/ARM_CM4F/port.o
                0x0000000008006524                vPortExitCritical
 *fill*         0x0000000008006578        0x8 
 .text.PendSV_Handler
                0x0000000008006580       0x68 Middlewares/Third_Party/FreeRTOS/Source/portable/GCC/ARM_CM4F/port.o
                0x0000000008006580                PendSV_Handler
 .text.xPortSysTickHandler
                0x00000000080065e8       0x44 Middlewares/Third_Party/FreeRTOS/Source/portable/GCC/ARM_CM4F/port.o
                0x00000000080065e8                xPortSysTickHandler
 .text.vPortSetupTimerInterrupt
                0x000000000800662c       0x48 Middlewares/Third_Party/FreeRTOS/Source/portable/GCC/ARM_CM4F/port.o
                0x000000000800662c                vPortSetupTimerInterrupt
 .text.vPortEnableVFP
                0x0000000008006674       0x14 Middlewares/Third_Party/FreeRTOS/Source/portable/GCC/ARM_CM4F/port.o
 .text.vPortValidateInterruptPriority
                0x0000000008006688       0x80 Middlewares/Third_Party/FreeRTOS/Source/portable/GCC/ARM_CM4F/port.o
                0x0000000008006688                vPortValidateInterruptPriority
 .text.pvPortMalloc
                0x0000000008006708      0x198 Middlewares/Third_Party/FreeRTOS/Source/portable/MemMang/heap_4.o
                0x0000000008006708                pvPortMalloc
 .text.vPortFree
                0x00000000080068a0       0xc4 Middlewares/Third_Party/FreeRTOS/Source/portable/MemMang/heap_4.o
                0x00000000080068a0                vPortFree
 .text.prvHeapInit
                0x0000000008006964       0xc4 Middlewares/Third_Party/FreeRTOS/Source/portable/MemMang/heap_4.o
 .text.prvInsertBlockIntoFreeList
                0x0000000008006a28       0xb4 Middlewares/Third_Party/FreeRTOS/Source/portable/MemMang/heap_4.o
 .text.__libc_init_array
                0x0000000008006adc       0x48 c:/st/stm32cubeide_1.5.1/stm32cubeide/plugins/com.st.stm32cube.ide.mcu.externaltools.gnu-tools-for-stm32.9-2020-q2-update.win32_1.5.0.202011040924/tools/bin/../lib/gcc/arm-none-eabi/9.3.1/../../../../arm-none-eabi/lib/thumb/v7e-m+fp/hard\libc_nano.a(lib_a-init.o)
                0x0000000008006adc                __libc_init_array
 .text.memcpy   0x0000000008006b24       0x1c c:/st/stm32cubeide_1.5.1/stm32cubeide/plugins/com.st.stm32cube.ide.mcu.externaltools.gnu-tools-for-stm32.9-2020-q2-update.win32_1.5.0.202011040924/tools/bin/../lib/gcc/arm-none-eabi/9.3.1/../../../../arm-none-eabi/lib/thumb/v7e-m+fp/hard\libc_nano.a(lib_a-memcpy-stub.o)
                0x0000000008006b24                memcpy
 .text.memset   0x0000000008006b40       0x10 c:/st/stm32cubeide_1.5.1/stm32cubeide/plugins/com.st.stm32cube.ide.mcu.externaltools.gnu-tools-for-stm32.9-2020-q2-update.win32_1.5.0.202011040924/tools/bin/../lib/gcc/arm-none-eabi/9.3.1/../../../../arm-none-eabi/lib/thumb/v7e-m+fp/hard\libc_nano.a(lib_a-memset.o)
                0x0000000008006b40                memset
 *(.glue_7)
 .glue_7        0x0000000008006b50        0x0 linker stubs
 *(.glue_7t)
 .glue_7t       0x0000000008006b50        0x0 linker stubs
 *(.eh_frame)
 .eh_frame      0x0000000008006b50        0x0 c:/st/stm32cubeide_1.5.1/stm32cubeide/plugins/com.st.stm32cube.ide.mcu.externaltools.gnu-tools-for-stm32.9-2020-q2-update.win32_1.5.0.202011040924/tools/bin/../lib/gcc/arm-none-eabi/9.3.1/thumb/v7e-m+fp/hard/crtbegin.o
 *(.init)
 .init          0x0000000008006b50        0x4 c:/st/stm32cubeide_1.5.1/stm32cubeide/plugins/com.st.stm32cube.ide.mcu.externaltools.gnu-tools-for-stm32.9-2020-q2-update.win32_1.5.0.202011040924/tools/bin/../lib/gcc/arm-none-eabi/9.3.1/thumb/v7e-m+fp/hard/crti.o
                0x0000000008006b50                _init
 .init          0x0000000008006b54        0x8 c:/st/stm32cubeide_1.5.1/stm32cubeide/plugins/com.st.stm32cube.ide.mcu.externaltools.gnu-tools-for-stm32.9-2020-q2-update.win32_1.5.0.202011040924/tools/bin/../lib/gcc/arm-none-eabi/9.3.1/thumb/v7e-m+fp/hard/crtn.o
 *(.fini)
 .fini          0x0000000008006b5c        0x4 c:/st/stm32cubeide_1.5.1/stm32cubeide/plugins/com.st.stm32cube.ide.mcu.externaltools.gnu-tools-for-stm32.9-2020-q2-update.win32_1.5.0.202011040924/tools/bin/../lib/gcc/arm-none-eabi/9.3.1/thumb/v7e-m+fp/hard/crti.o
                0x0000000008006b5c                _fini
 .fini          0x0000000008006b60        0x8 c:/st/stm32cubeide_1.5.1/stm32cubeide/plugins/com.st.stm32cube.ide.mcu.externaltools.gnu-tools-for-stm32.9-2020-q2-update.win32_1.5.0.202011040924/tools/bin/../lib/gcc/arm-none-eabi/9.3.1/thumb/v7e-m+fp/hard/crtn.o
                0x0000000008006b68                . = ALIGN (0x4)
                0x0000000008006b68                _etext = .

.vfp11_veneer   0x0000000008006b68        0x0
 .vfp11_veneer  0x0000000008006b68        0x0 linker stubs

.v4_bx          0x0000000008006b68        0x0
 .v4_bx         0x0000000008006b68        0x0 linker stubs

.iplt           0x0000000008006b68        0x0
 .iplt          0x0000000008006b68        0x0 c:/st/stm32cubeide_1.5.1/stm32cubeide/plugins/com.st.stm32cube.ide.mcu.externaltools.gnu-tools-for-stm32.9-2020-q2-update.win32_1.5.0.202011040924/tools/bin/../lib/gcc/arm-none-eabi/9.3.1/thumb/v7e-m+fp/hard/crtbegin.o

.rodata         0x0000000008006b68      0x924
                0x0000000008006b68                . = ALIGN (0x4)
 *(.rodata)
 .rodata        0x0000000008006b68       0x74 Core/Src/freertos.o
 .rodata        0x0000000008006bdc       0x1c Core/Src/gpio.o
 .rodata        0x0000000008006bf8       0x80 Core/Src/main.o
 .rodata        0x0000000008006c78        0x5 Middlewares/Third_Party/FreeRTOS/Source/tasks.o
 *fill*         0x0000000008006c7d        0x3 
 .rodata        0x0000000008006c80        0xd Middlewares/Third_Party/FreeRTOS/Source/timers.o
 *(.rodata*)
 *fill*         0x0000000008006c8d        0x3 
 .rodata.Font7x10
                0x0000000008006c90      0x76c Core/Src/fonts.o
                0x0000000008006c90                Font7x10
 .rodata.OLED_attributes
                0x00000000080073fc       0x24 Core/Src/freertos.o
                0x00000000080073fc                OLED_attributes
 .rodata.MOTOR_attributes
                0x0000000008007420       0x24 Core/Src/freertos.o
                0x0000000008007420                MOTOR_attributes
 .rodata.AHBPrescTable
                0x0000000008007444       0x10 Core/Src/system_stm32l4xx.o
                0x0000000008007444                AHBPrescTable
 .rodata.APBPrescTable
                0x0000000008007454        0x8 Core/Src/system_stm32l4xx.o
                0x0000000008007454                APBPrescTable
 .rodata.MSIRangeTable
                0x000000000800745c       0x30 Core/Src/system_stm32l4xx.o
                0x000000000800745c                MSIRangeTable
                0x000000000800748c                . = ALIGN (0x4)

.rel.dyn        0x000000000800748c        0x0
 .rel.iplt      0x000000000800748c        0x0 c:/st/stm32cubeide_1.5.1/stm32cubeide/plugins/com.st.stm32cube.ide.mcu.externaltools.gnu-tools-for-stm32.9-2020-q2-update.win32_1.5.0.202011040924/tools/bin/../lib/gcc/arm-none-eabi/9.3.1/thumb/v7e-m+fp/hard/crtbegin.o

.ARM.extab      0x000000000800748c        0x0
                0x000000000800748c                . = ALIGN (0x4)
 *(.ARM.extab* .gnu.linkonce.armextab.*)
                0x000000000800748c                . = ALIGN (0x4)

.ARM            0x000000000800748c        0x0
                0x000000000800748c                . = ALIGN (0x4)
                0x000000000800748c                __exidx_start = .
 *(.ARM.exidx*)
                0x000000000800748c                __exidx_end = .
                0x000000000800748c                . = ALIGN (0x4)

.preinit_array  0x000000000800748c        0x0
                0x000000000800748c                . = ALIGN (0x4)
                0x000000000800748c                PROVIDE (__preinit_array_start = .)
 *(.preinit_array*)
                0x000000000800748c                PROVIDE (__preinit_array_end = .)
                0x000000000800748c                . = ALIGN (0x4)

.init_array     0x000000000800748c        0x4
                0x000000000800748c                . = ALIGN (0x4)
                0x000000000800748c                PROVIDE (__init_array_start = .)
 *(SORT_BY_NAME(.init_array.*))
 *(.init_array*)
 .init_array    0x000000000800748c        0x4 c:/st/stm32cubeide_1.5.1/stm32cubeide/plugins/com.st.stm32cube.ide.mcu.externaltools.gnu-tools-for-stm32.9-2020-q2-update.win32_1.5.0.202011040924/tools/bin/../lib/gcc/arm-none-eabi/9.3.1/thumb/v7e-m+fp/hard/crtbegin.o
                0x0000000008007490                PROVIDE (__init_array_end = .)
                0x0000000008007490                . = ALIGN (0x4)

.fini_array     0x0000000008007490        0x4
                0x0000000008007490                . = ALIGN (0x4)
                [!provide]                        PROVIDE (__fini_array_start = .)
 *(SORT_BY_NAME(.fini_array.*))
 *(.fini_array*)
 .fini_array    0x0000000008007490        0x4 c:/st/stm32cubeide_1.5.1/stm32cubeide/plugins/com.st.stm32cube.ide.mcu.externaltools.gnu-tools-for-stm32.9-2020-q2-update.win32_1.5.0.202011040924/tools/bin/../lib/gcc/arm-none-eabi/9.3.1/thumb/v7e-m+fp/hard/crtbegin.o
                [!provide]                        PROVIDE (__fini_array_end = .)
                0x0000000008007494                . = ALIGN (0x4)
                0x0000000008007494                _sidata = LOADADDR (.data)

.data           0x0000000020000000       0x18 load address 0x0000000008007494
                0x0000000020000000                . = ALIGN (0x4)
                0x0000000020000000                _sdata = .
 *(.data)
 *(.data*)
 .data.Font_7x10
                0x0000000020000000        0x8 Core/Src/fonts.o
                0x0000000020000000                Font_7x10
 .data.SystemCoreClock
                0x0000000020000008        0x4 Core/Src/system_stm32l4xx.o
                0x0000000020000008                SystemCoreClock
 .data.uwTickPrio
                0x000000002000000c        0x4 Drivers/STM32L4xx_HAL_Driver/Src/stm32l4xx_hal.o
                0x000000002000000c                uwTickPrio
 .data.uwTickFreq
                0x0000000020000010        0x1 Drivers/STM32L4xx_HAL_Driver/Src/stm32l4xx_hal.o
                0x0000000020000010                uwTickFreq
 *fill*         0x0000000020000011        0x3 
 .data.uxCriticalNesting
                0x0000000020000014        0x4 Middlewares/Third_Party/FreeRTOS/Source/portable/GCC/ARM_CM4F/port.o
 *(.RamFunc)
 *(.RamFunc*)
                0x0000000020000018                . = ALIGN (0x4)
                0x0000000020000018                _edata = .

.igot.plt       0x0000000020000018        0x0 load address 0x00000000080074ac
 .igot.plt      0x0000000020000018        0x0 c:/st/stm32cubeide_1.5.1/stm32cubeide/plugins/com.st.stm32cube.ide.mcu.externaltools.gnu-tools-for-stm32.9-2020-q2-update.win32_1.5.0.202011040924/tools/bin/../lib/gcc/arm-none-eabi/9.3.1/thumb/v7e-m+fp/hard/crtbegin.o
                0x0000000020000018                . = ALIGN (0x4)

.bss            0x0000000020000018     0x1df0 load address 0x00000000080074ac
                0x0000000020000018                _sbss = .
                0x0000000020000018                __bss_start__ = _sbss
 *(.bss)
 .bss           0x0000000020000018       0x1c c:/st/stm32cubeide_1.5.1/stm32cubeide/plugins/com.st.stm32cube.ide.mcu.externaltools.gnu-tools-for-stm32.9-2020-q2-update.win32_1.5.0.202011040924/tools/bin/../lib/gcc/arm-none-eabi/9.3.1/thumb/v7e-m+fp/hard/crtbegin.o
 *(.bss*)
 .bss.motorAtBoundary
                0x0000000020000034        0x4 Core/Src/freertos.o
                0x0000000020000034                motorAtBoundary
 .bss.initialized
                0x0000000020000038        0x4 Core/Src/freertos.o
                0x0000000020000038                initialized
 .bss.pollCast  0x000000002000003c        0x4 Core/Src/freertos.o
                0x000000002000003c                pollCast
 .bss.passTime  0x0000000020000040        0x4 Core/Src/freertos.o
                0x0000000020000040                passTime
 .bss.fishCaught
                0x0000000020000044        0x4 Core/Src/freertos.o
                0x0000000020000044                fishCaught
 .bss.fishRejected
                0x0000000020000048        0x4 Core/Src/freertos.o
                0x0000000020000048                fishRejected
 .bss.isOn.10514
                0x000000002000004c        0x1 Core/Src/gpio.o
 *fill*         0x000000002000004d        0x3 
 .bss.SSD1306_Buffer
                0x0000000020000050      0x400 Core/Src/ssd1306.o
 .bss.SSD1306   0x0000000020000450        0x6 Core/Src/ssd1306.o
 *fill*         0x0000000020000456        0x2 
 .bss.KernelState
                0x0000000020000458        0x4 Middlewares/Third_Party/FreeRTOS/Source/CMSIS_RTOS_V2/cmsis_os2.o
 .bss.Idle_TCB.10645
                0x000000002000045c       0x5c Middlewares/Third_Party/FreeRTOS/Source/CMSIS_RTOS_V2/cmsis_os2.o
 .bss.Idle_Stack.10646
                0x00000000200004b8      0x200 Middlewares/Third_Party/FreeRTOS/Source/CMSIS_RTOS_V2/cmsis_os2.o
 .bss.Timer_TCB.10652
                0x00000000200006b8       0x5c Middlewares/Third_Party/FreeRTOS/Source/CMSIS_RTOS_V2/cmsis_os2.o
 .bss.Timer_Stack.10653
                0x0000000020000714      0x400 Middlewares/Third_Party/FreeRTOS/Source/CMSIS_RTOS_V2/cmsis_os2.o
 .bss.pxCurrentTCB
                0x0000000020000b14        0x4 Middlewares/Third_Party/FreeRTOS/Source/tasks.o
                0x0000000020000b14                pxCurrentTCB
 .bss.pxReadyTasksLists
                0x0000000020000b18      0x460 Middlewares/Third_Party/FreeRTOS/Source/tasks.o
 .bss.xDelayedTaskList1
                0x0000000020000f78       0x14 Middlewares/Third_Party/FreeRTOS/Source/tasks.o
 .bss.xDelayedTaskList2
                0x0000000020000f8c       0x14 Middlewares/Third_Party/FreeRTOS/Source/tasks.o
 .bss.pxDelayedTaskList
                0x0000000020000fa0        0x4 Middlewares/Third_Party/FreeRTOS/Source/tasks.o
 .bss.pxOverflowDelayedTaskList
                0x0000000020000fa4        0x4 Middlewares/Third_Party/FreeRTOS/Source/tasks.o
 .bss.xPendingReadyList
                0x0000000020000fa8       0x14 Middlewares/Third_Party/FreeRTOS/Source/tasks.o
 .bss.xTasksWaitingTermination
                0x0000000020000fbc       0x14 Middlewares/Third_Party/FreeRTOS/Source/tasks.o
 .bss.uxDeletedTasksWaitingCleanUp
                0x0000000020000fd0        0x4 Middlewares/Third_Party/FreeRTOS/Source/tasks.o
 .bss.xSuspendedTaskList
                0x0000000020000fd4       0x14 Middlewares/Third_Party/FreeRTOS/Source/tasks.o
 .bss.uxCurrentNumberOfTasks
                0x0000000020000fe8        0x4 Middlewares/Third_Party/FreeRTOS/Source/tasks.o
 .bss.xTickCount
                0x0000000020000fec        0x4 Middlewares/Third_Party/FreeRTOS/Source/tasks.o
 .bss.uxTopReadyPriority
                0x0000000020000ff0        0x4 Middlewares/Third_Party/FreeRTOS/Source/tasks.o
 .bss.xSchedulerRunning
                0x0000000020000ff4        0x4 Middlewares/Third_Party/FreeRTOS/Source/tasks.o
 .bss.xPendedTicks
                0x0000000020000ff8        0x4 Middlewares/Third_Party/FreeRTOS/Source/tasks.o
 .bss.xYieldPending
                0x0000000020000ffc        0x4 Middlewares/Third_Party/FreeRTOS/Source/tasks.o
 .bss.xNumOfOverflows
                0x0000000020001000        0x4 Middlewares/Third_Party/FreeRTOS/Source/tasks.o
 .bss.uxTaskNumber
                0x0000000020001004        0x4 Middlewares/Third_Party/FreeRTOS/Source/tasks.o
 .bss.xNextTaskUnblockTime
                0x0000000020001008        0x4 Middlewares/Third_Party/FreeRTOS/Source/tasks.o
 .bss.xIdleTaskHandle
                0x000000002000100c        0x4 Middlewares/Third_Party/FreeRTOS/Source/tasks.o
 .bss.uxSchedulerSuspended
                0x0000000020001010        0x4 Middlewares/Third_Party/FreeRTOS/Source/tasks.o
 .bss.xActiveTimerList1
                0x0000000020001014       0x14 Middlewares/Third_Party/FreeRTOS/Source/timers.o
 .bss.xActiveTimerList2
                0x0000000020001028       0x14 Middlewares/Third_Party/FreeRTOS/Source/timers.o
 .bss.pxCurrentTimerList
                0x000000002000103c        0x4 Middlewares/Third_Party/FreeRTOS/Source/timers.o
 .bss.pxOverflowTimerList
                0x0000000020001040        0x4 Middlewares/Third_Party/FreeRTOS/Source/timers.o
 .bss.xTimerQueue
                0x0000000020001044        0x4 Middlewares/Third_Party/FreeRTOS/Source/timers.o
 .bss.xTimerTaskHandle
                0x0000000020001048        0x4 Middlewares/Third_Party/FreeRTOS/Source/timers.o
 .bss.xLastTime.6925
                0x000000002000104c        0x4 Middlewares/Third_Party/FreeRTOS/Source/timers.o
 .bss.ucStaticTimerQueueStorage.6976
                0x0000000020001050       0xa0 Middlewares/Third_Party/FreeRTOS/Source/timers.o
 .bss.xStaticTimerQueue.6975
                0x00000000200010f0       0x50 Middlewares/Third_Party/FreeRTOS/Source/timers.o
 .bss.ucMaxSysCallPriority
                0x0000000020001140        0x1 Middlewares/Third_Party/FreeRTOS/Source/portable/GCC/ARM_CM4F/port.o
 *fill*         0x0000000020001141        0x3 
 .bss.ulMaxPRIGROUPValue
                0x0000000020001144        0x4 Middlewares/Third_Party/FreeRTOS/Source/portable/GCC/ARM_CM4F/port.o
 .bss.ucHeap    0x0000000020001148      0xbb8 Middlewares/Third_Party/FreeRTOS/Source/portable/MemMang/heap_4.o
 .bss.xStart    0x0000000020001d00        0x8 Middlewares/Third_Party/FreeRTOS/Source/portable/MemMang/heap_4.o
 .bss.pxEnd     0x0000000020001d08        0x4 Middlewares/Third_Party/FreeRTOS/Source/portable/MemMang/heap_4.o
 .bss.xFreeBytesRemaining
                0x0000000020001d0c        0x4 Middlewares/Third_Party/FreeRTOS/Source/portable/MemMang/heap_4.o
 .bss.xMinimumEverFreeBytesRemaining
                0x0000000020001d10        0x4 Middlewares/Third_Party/FreeRTOS/Source/portable/MemMang/heap_4.o
 .bss.xNumberOfSuccessfulAllocations
                0x0000000020001d14        0x4 Middlewares/Third_Party/FreeRTOS/Source/portable/MemMang/heap_4.o
 .bss.xNumberOfSuccessfulFrees
                0x0000000020001d18        0x4 Middlewares/Third_Party/FreeRTOS/Source/portable/MemMang/heap_4.o
 .bss.xBlockAllocatedBit
                0x0000000020001d1c        0x4 Middlewares/Third_Party/FreeRTOS/Source/portable/MemMang/heap_4.o
 *(COMMON)
 COMMON         0x0000000020001d20        0xc Core/Src/freertos.o
                0x0000000020001d20                OLEDHandle
                0x0000000020001d24                MOTORHandle
                0x0000000020001d28                prevReading
 COMMON         0x0000000020001d2c       0x4c Core/Src/i2c.o
                0x0000000020001d2c                hi2c1
 COMMON         0x0000000020001d78       0x4c Core/Src/stm32l4xx_hal_timebase_tim.o
                0x0000000020001d78                htim6
 COMMON         0x0000000020001dc4        0x4 Drivers/STM32L4xx_HAL_Driver/Src/stm32l4xx_hal.o
                0x0000000020001dc4                uwTick
 COMMON         0x0000000020001dc8       0x40 Middlewares/Third_Party/FreeRTOS/Source/queue.o
                0x0000000020001dc8                xQueueRegistry
                0x0000000020001e08                . = ALIGN (0x4)
                0x0000000020001e08                _ebss = .
                0x0000000020001e08                __bss_end__ = _ebss

._user_heap_stack
                0x0000000020001e08      0x600 load address 0x00000000080074ac
                0x0000000020001e08                . = ALIGN (0x8)
                [!provide]                        PROVIDE (end = .)
                0x0000000020001e08                PROVIDE (_end = .)
                0x0000000020002008                . = (. + _Min_Heap_Size)
 *fill*         0x0000000020001e08      0x200 
                0x0000000020002408                . = (. + _Min_Stack_Size)
 *fill*         0x0000000020002008      0x400 
                0x0000000020002408                . = ALIGN (0x8)

/DISCARD/
 libc.a(*)
 libm.a(*)
 libgcc.a(*)

.ARM.attributes
                0x0000000000000000       0x30
 *(.ARM.attributes)
 .ARM.attributes
                0x0000000000000000       0x1e c:/st/stm32cubeide_1.5.1/stm32cubeide/plugins/com.st.stm32cube.ide.mcu.externaltools.gnu-tools-for-stm32.9-2020-q2-update.win32_1.5.0.202011040924/tools/bin/../lib/gcc/arm-none-eabi/9.3.1/thumb/v7e-m+fp/hard/crti.o
 .ARM.attributes
                0x000000000000001e       0x34 c:/st/stm32cubeide_1.5.1/stm32cubeide/plugins/com.st.stm32cube.ide.mcu.externaltools.gnu-tools-for-stm32.9-2020-q2-update.win32_1.5.0.202011040924/tools/bin/../lib/gcc/arm-none-eabi/9.3.1/thumb/v7e-m+fp/hard/crtbegin.o
 .ARM.attributes
                0x0000000000000052       0x34 Core/Src/fonts.o
 .ARM.attributes
                0x0000000000000086       0x34 Core/Src/freertos.o
 .ARM.attributes
                0x00000000000000ba       0x34 Core/Src/gpio.o
 .ARM.attributes
                0x00000000000000ee       0x34 Core/Src/i2c.o
 .ARM.attributes
                0x0000000000000122       0x34 Core/Src/main.o
 .ARM.attributes
                0x0000000000000156       0x34 Core/Src/ssd1306.o
 .ARM.attributes
                0x000000000000018a       0x34 Core/Src/stm32l4xx_hal_msp.o
 .ARM.attributes
                0x00000000000001be       0x34 Core/Src/stm32l4xx_hal_timebase_tim.o
 .ARM.attributes
                0x00000000000001f2       0x34 Core/Src/stm32l4xx_it.o
 .ARM.attributes
                0x0000000000000226       0x34 Core/Src/system_stm32l4xx.o
 .ARM.attributes
                0x000000000000025a       0x21 Core/Startup/startup_stm32l496zgtx.o
 .ARM.attributes
                0x000000000000027b       0x34 Drivers/STM32L4xx_HAL_Driver/Src/stm32l4xx_hal.o
 .ARM.attributes
                0x00000000000002af       0x34 Drivers/STM32L4xx_HAL_Driver/Src/stm32l4xx_hal_cortex.o
 .ARM.attributes
                0x00000000000002e3       0x34 Drivers/STM32L4xx_HAL_Driver/Src/stm32l4xx_hal_gpio.o
 .ARM.attributes
                0x0000000000000317       0x34 Drivers/STM32L4xx_HAL_Driver/Src/stm32l4xx_hal_i2c.o
 .ARM.attributes
                0x000000000000034b       0x34 Drivers/STM32L4xx_HAL_Driver/Src/stm32l4xx_hal_i2c_ex.o
 .ARM.attributes
                0x000000000000037f       0x34 Drivers/STM32L4xx_HAL_Driver/Src/stm32l4xx_hal_pwr_ex.o
 .ARM.attributes
                0x00000000000003b3       0x34 Drivers/STM32L4xx_HAL_Driver/Src/stm32l4xx_hal_rcc.o
 .ARM.attributes
                0x00000000000003e7       0x34 Drivers/STM32L4xx_HAL_Driver/Src/stm32l4xx_hal_rcc_ex.o
 .ARM.attributes
                0x000000000000041b       0x34 Drivers/STM32L4xx_HAL_Driver/Src/stm32l4xx_hal_tim.o
 .ARM.attributes
                0x000000000000044f       0x34 Drivers/STM32L4xx_HAL_Driver/Src/stm32l4xx_hal_tim_ex.o
 .ARM.attributes
                0x0000000000000483       0x34 Middlewares/Third_Party/FreeRTOS/Source/CMSIS_RTOS_V2/cmsis_os2.o
 .ARM.attributes
                0x00000000000004b7       0x34 Middlewares/Third_Party/FreeRTOS/Source/list.o
 .ARM.attributes
                0x00000000000004eb       0x34 Middlewares/Third_Party/FreeRTOS/Source/queue.o
 .ARM.attributes
                0x000000000000051f       0x34 Middlewares/Third_Party/FreeRTOS/Source/tasks.o
 .ARM.attributes
                0x0000000000000553       0x34 Middlewares/Third_Party/FreeRTOS/Source/timers.o
 .ARM.attributes
                0x0000000000000587       0x34 Middlewares/Third_Party/FreeRTOS/Source/portable/GCC/ARM_CM4F/port.o
 .ARM.attributes
                0x00000000000005bb       0x34 Middlewares/Third_Party/FreeRTOS/Source/portable/MemMang/heap_4.o
 .ARM.attributes
                0x00000000000005ef       0x34 c:/st/stm32cubeide_1.5.1/stm32cubeide/plugins/com.st.stm32cube.ide.mcu.externaltools.gnu-tools-for-stm32.9-2020-q2-update.win32_1.5.0.202011040924/tools/bin/../lib/gcc/arm-none-eabi/9.3.1/../../../../arm-none-eabi/lib/thumb/v7e-m+fp/hard\libc_nano.a(lib_a-init.o)
 .ARM.attributes
                0x0000000000000623       0x34 c:/st/stm32cubeide_1.5.1/stm32cubeide/plugins/com.st.stm32cube.ide.mcu.externaltools.gnu-tools-for-stm32.9-2020-q2-update.win32_1.5.0.202011040924/tools/bin/../lib/gcc/arm-none-eabi/9.3.1/../../../../arm-none-eabi/lib/thumb/v7e-m+fp/hard\libc_nano.a(lib_a-memcpy-stub.o)
 .ARM.attributes
                0x0000000000000657       0x34 c:/st/stm32cubeide_1.5.1/stm32cubeide/plugins/com.st.stm32cube.ide.mcu.externaltools.gnu-tools-for-stm32.9-2020-q2-update.win32_1.5.0.202011040924/tools/bin/../lib/gcc/arm-none-eabi/9.3.1/../../../../arm-none-eabi/lib/thumb/v7e-m+fp/hard\libc_nano.a(lib_a-memset.o)
 .ARM.attributes
                0x000000000000068b       0x1e c:/st/stm32cubeide_1.5.1/stm32cubeide/plugins/com.st.stm32cube.ide.mcu.externaltools.gnu-tools-for-stm32.9-2020-q2-update.win32_1.5.0.202011040924/tools/bin/../lib/gcc/arm-none-eabi/9.3.1/thumb/v7e-m+fp/hard/crtn.o
OUTPUT(MEC825.elf elf32-littlearm)
LOAD linker stubs
LOAD c:/st/stm32cubeide_1.5.1/stm32cubeide/plugins/com.st.stm32cube.ide.mcu.externaltools.gnu-tools-for-stm32.9-2020-q2-update.win32_1.5.0.202011040924/tools/bin/../lib/gcc/arm-none-eabi/9.3.1/../../../../arm-none-eabi/lib/thumb/v7e-m+fp/hard\libc.a
LOAD c:/st/stm32cubeide_1.5.1/stm32cubeide/plugins/com.st.stm32cube.ide.mcu.externaltools.gnu-tools-for-stm32.9-2020-q2-update.win32_1.5.0.202011040924/tools/bin/../lib/gcc/arm-none-eabi/9.3.1/../../../../arm-none-eabi/lib/thumb/v7e-m+fp/hard\libm.a
LOAD c:/st/stm32cubeide_1.5.1/stm32cubeide/plugins/com.st.stm32cube.ide.mcu.externaltools.gnu-tools-for-stm32.9-2020-q2-update.win32_1.5.0.202011040924/tools/bin/../lib/gcc/arm-none-eabi/9.3.1/thumb/v7e-m+fp/hard\libgcc.a

.debug_info     0x0000000000000000    0x22ab9
 .debug_info    0x0000000000000000      0xd24 Core/Src/fonts.o
 .debug_info    0x0000000000000d24     0x1144 Core/Src/freertos.o
 .debug_info    0x0000000000001e68     0x12f4 Core/Src/gpio.o
 .debug_info    0x000000000000315c      0xc2e Core/Src/i2c.o
 .debug_info    0x0000000000003d8a     0x1960 Core/Src/main.o
 .debug_info    0x00000000000056ea     0x1b90 Core/Src/ssd1306.o
 .debug_info    0x000000000000727a      0x7c2 Core/Src/stm32l4xx_hal_msp.o
 .debug_info    0x0000000000007a3c      0xe7b Core/Src/stm32l4xx_hal_timebase_tim.o
 .debug_info    0x00000000000088b7      0x95e Core/Src/stm32l4xx_it.o
 .debug_info    0x0000000000009215      0x7b0 Core/Src/system_stm32l4xx.o
 .debug_info    0x00000000000099c5       0x22 Core/Startup/startup_stm32l496zgtx.o
 .debug_info    0x00000000000099e7      0xd19 Drivers/STM32L4xx_HAL_Driver/Src/stm32l4xx_hal.o
 .debug_info    0x000000000000a700     0x1064 Drivers/STM32L4xx_HAL_Driver/Src/stm32l4xx_hal_cortex.o
 .debug_info    0x000000000000b764      0xa7b Drivers/STM32L4xx_HAL_Driver/Src/stm32l4xx_hal_gpio.o
 .debug_info    0x000000000000c1df     0x22fd Drivers/STM32L4xx_HAL_Driver/Src/stm32l4xx_hal_i2c.o
 .debug_info    0x000000000000e4dc      0xc53 Drivers/STM32L4xx_HAL_Driver/Src/stm32l4xx_hal_i2c_ex.o
 .debug_info    0x000000000000f12f      0xbf6 Drivers/STM32L4xx_HAL_Driver/Src/stm32l4xx_hal_pwr_ex.o
 .debug_info    0x000000000000fd25      0xe35 Drivers/STM32L4xx_HAL_Driver/Src/stm32l4xx_hal_rcc.o
 .debug_info    0x0000000000010b5a     0x12f5 Drivers/STM32L4xx_HAL_Driver/Src/stm32l4xx_hal_rcc_ex.o
 .debug_info    0x0000000000011e4f     0x2cb9 Drivers/STM32L4xx_HAL_Driver/Src/stm32l4xx_hal_tim.o
 .debug_info    0x0000000000014b08     0x1813 Drivers/STM32L4xx_HAL_Driver/Src/stm32l4xx_hal_tim_ex.o
 .debug_info    0x000000000001631b     0x3f36 Middlewares/Third_Party/FreeRTOS/Source/CMSIS_RTOS_V2/cmsis_os2.o
 .debug_info    0x000000000001a251      0xb82 Middlewares/Third_Party/FreeRTOS/Source/list.o
 .debug_info    0x000000000001add3     0x23b0 Middlewares/Third_Party/FreeRTOS/Source/queue.o
 .debug_info    0x000000000001d183     0x2ac6 Middlewares/Third_Party/FreeRTOS/Source/tasks.o
 .debug_info    0x000000000001fc49     0x1bf5 Middlewares/Third_Party/FreeRTOS/Source/timers.o
 .debug_info    0x000000000002183e      0x4f1 Middlewares/Third_Party/FreeRTOS/Source/portable/GCC/ARM_CM4F/port.o
 .debug_info    0x0000000000021d2f      0xd8a Middlewares/Third_Party/FreeRTOS/Source/portable/MemMang/heap_4.o

.debug_abbrev   0x0000000000000000     0x4148
 .debug_abbrev  0x0000000000000000      0x208 Core/Src/fonts.o
 .debug_abbrev  0x0000000000000208      0x260 Core/Src/freertos.o
 .debug_abbrev  0x0000000000000468      0x23b Core/Src/gpio.o
 .debug_abbrev  0x00000000000006a3      0x1c6 Core/Src/i2c.o
 .debug_abbrev  0x0000000000000869      0x28f Core/Src/main.o
 .debug_abbrev  0x0000000000000af8      0x35a Core/Src/ssd1306.o
 .debug_abbrev  0x0000000000000e52      0x146 Core/Src/stm32l4xx_hal_msp.o
 .debug_abbrev  0x0000000000000f98      0x1bf Core/Src/stm32l4xx_hal_timebase_tim.o
 .debug_abbrev  0x0000000000001157      0x176 Core/Src/stm32l4xx_it.o
 .debug_abbrev  0x00000000000012cd      0x16e Core/Src/system_stm32l4xx.o
 .debug_abbrev  0x000000000000143b       0x12 Core/Startup/startup_stm32l496zgtx.o
 .debug_abbrev  0x000000000000144d      0x227 Drivers/STM32L4xx_HAL_Driver/Src/stm32l4xx_hal.o
 .debug_abbrev  0x0000000000001674      0x33c Drivers/STM32L4xx_HAL_Driver/Src/stm32l4xx_hal_cortex.o
 .debug_abbrev  0x00000000000019b0      0x1e8 Drivers/STM32L4xx_HAL_Driver/Src/stm32l4xx_hal_gpio.o
 .debug_abbrev  0x0000000000001b98      0x256 Drivers/STM32L4xx_HAL_Driver/Src/stm32l4xx_hal_i2c.o
 .debug_abbrev  0x0000000000001dee      0x1dd Drivers/STM32L4xx_HAL_Driver/Src/stm32l4xx_hal_i2c_ex.o
 .debug_abbrev  0x0000000000001fcb      0x1f3 Drivers/STM32L4xx_HAL_Driver/Src/stm32l4xx_hal_pwr_ex.o
 .debug_abbrev  0x00000000000021be      0x275 Drivers/STM32L4xx_HAL_Driver/Src/stm32l4xx_hal_rcc.o
 .debug_abbrev  0x0000000000002433      0x268 Drivers/STM32L4xx_HAL_Driver/Src/stm32l4xx_hal_rcc_ex.o
 .debug_abbrev  0x000000000000269b      0x25e Drivers/STM32L4xx_HAL_Driver/Src/stm32l4xx_hal_tim.o
 .debug_abbrev  0x00000000000028f9      0x266 Drivers/STM32L4xx_HAL_Driver/Src/stm32l4xx_hal_tim_ex.o
 .debug_abbrev  0x0000000000002b5f      0x4bd Middlewares/Third_Party/FreeRTOS/Source/CMSIS_RTOS_V2/cmsis_os2.o
 .debug_abbrev  0x000000000000301c      0x1f7 Middlewares/Third_Party/FreeRTOS/Source/list.o
 .debug_abbrev  0x0000000000003213      0x380 Middlewares/Third_Party/FreeRTOS/Source/queue.o
 .debug_abbrev  0x0000000000003593      0x39a Middlewares/Third_Party/FreeRTOS/Source/tasks.o
 .debug_abbrev  0x000000000000392d      0x317 Middlewares/Third_Party/FreeRTOS/Source/timers.o
 .debug_abbrev  0x0000000000003c44      0x231 Middlewares/Third_Party/FreeRTOS/Source/portable/GCC/ARM_CM4F/port.o
 .debug_abbrev  0x0000000000003e75      0x2d3 Middlewares/Third_Party/FreeRTOS/Source/portable/MemMang/heap_4.o

.debug_aranges  0x0000000000000000     0x18c8
 .debug_aranges
                0x0000000000000000       0x20 Core/Src/fonts.o
 .debug_aranges
                0x0000000000000020       0x50 Core/Src/freertos.o
 .debug_aranges
                0x0000000000000070       0x28 Core/Src/gpio.o
 .debug_aranges
                0x0000000000000098       0x30 Core/Src/i2c.o
 .debug_aranges
                0x00000000000000c8       0x38 Core/Src/main.o
 .debug_aranges
                0x0000000000000100       0xf8 Core/Src/ssd1306.o
 .debug_aranges
                0x00000000000001f8       0x20 Core/Src/stm32l4xx_hal_msp.o
 .debug_aranges
                0x0000000000000218       0x30 Core/Src/stm32l4xx_hal_timebase_tim.o
 .debug_aranges
                0x0000000000000248       0x60 Core/Src/stm32l4xx_it.o
 .debug_aranges
                0x00000000000002a8       0x28 Core/Src/system_stm32l4xx.o
 .debug_aranges
                0x00000000000002d0       0x28 Core/Startup/startup_stm32l496zgtx.o
 .debug_aranges
                0x00000000000002f8      0x130 Drivers/STM32L4xx_HAL_Driver/Src/stm32l4xx_hal.o
 .debug_aranges
                0x0000000000000428      0x118 Drivers/STM32L4xx_HAL_Driver/Src/stm32l4xx_hal_cortex.o
 .debug_aranges
                0x0000000000000540       0x58 Drivers/STM32L4xx_HAL_Driver/Src/stm32l4xx_hal_gpio.o
 .debug_aranges
                0x0000000000000598      0x290 Drivers/STM32L4xx_HAL_Driver/Src/stm32l4xx_hal_i2c.o
 .debug_aranges
                0x0000000000000828       0x48 Drivers/STM32L4xx_HAL_Driver/Src/stm32l4xx_hal_i2c_ex.o
 .debug_aranges
                0x0000000000000870      0x150 Drivers/STM32L4xx_HAL_Driver/Src/stm32l4xx_hal_pwr_ex.o
 .debug_aranges
                0x00000000000009c0       0x88 Drivers/STM32L4xx_HAL_Driver/Src/stm32l4xx_hal_rcc.o
 .debug_aranges
                0x0000000000000a48      0x108 Drivers/STM32L4xx_HAL_Driver/Src/stm32l4xx_hal_rcc_ex.o
 .debug_aranges
                0x0000000000000b50      0x3e0 Drivers/STM32L4xx_HAL_Driver/Src/stm32l4xx_hal_tim.o
 .debug_aranges
                0x0000000000000f30      0x180 Drivers/STM32L4xx_HAL_Driver/Src/stm32l4xx_hal_tim_ex.o
 .debug_aranges
                0x00000000000010b0      0x2b0 Middlewares/Third_Party/FreeRTOS/Source/CMSIS_RTOS_V2/cmsis_os2.o
 .debug_aranges
                0x0000000000001360       0x40 Middlewares/Third_Party/FreeRTOS/Source/list.o
 .debug_aranges
                0x00000000000013a0      0x158 Middlewares/Third_Party/FreeRTOS/Source/queue.o
 .debug_aranges
                0x00000000000014f8      0x208 Middlewares/Third_Party/FreeRTOS/Source/tasks.o
 .debug_aranges
                0x0000000000001700       0xf0 Middlewares/Third_Party/FreeRTOS/Source/timers.o
 .debug_aranges
                0x00000000000017f0       0x80 Middlewares/Third_Party/FreeRTOS/Source/portable/GCC/ARM_CM4F/port.o
 .debug_aranges
                0x0000000000001870       0x58 Middlewares/Third_Party/FreeRTOS/Source/portable/MemMang/heap_4.o

.debug_ranges   0x0000000000000000     0x1710
 .debug_ranges  0x0000000000000000       0x10 Core/Src/fonts.o
 .debug_ranges  0x0000000000000010       0x40 Core/Src/freertos.o
 .debug_ranges  0x0000000000000050       0x18 Core/Src/gpio.o
 .debug_ranges  0x0000000000000068       0x20 Core/Src/i2c.o
 .debug_ranges  0x0000000000000088       0x28 Core/Src/main.o
 .debug_ranges  0x00000000000000b0       0xe8 Core/Src/ssd1306.o
 .debug_ranges  0x0000000000000198       0x10 Core/Src/stm32l4xx_hal_msp.o
 .debug_ranges  0x00000000000001a8       0x20 Core/Src/stm32l4xx_hal_timebase_tim.o
 .debug_ranges  0x00000000000001c8       0x50 Core/Src/stm32l4xx_it.o
 .debug_ranges  0x0000000000000218       0x18 Core/Src/system_stm32l4xx.o
 .debug_ranges  0x0000000000000230       0x20 Core/Startup/startup_stm32l496zgtx.o
 .debug_ranges  0x0000000000000250      0x120 Drivers/STM32L4xx_HAL_Driver/Src/stm32l4xx_hal.o
 .debug_ranges  0x0000000000000370      0x108 Drivers/STM32L4xx_HAL_Driver/Src/stm32l4xx_hal_cortex.o
 .debug_ranges  0x0000000000000478       0x48 Drivers/STM32L4xx_HAL_Driver/Src/stm32l4xx_hal_gpio.o
 .debug_ranges  0x00000000000004c0      0x280 Drivers/STM32L4xx_HAL_Driver/Src/stm32l4xx_hal_i2c.o
 .debug_ranges  0x0000000000000740       0x38 Drivers/STM32L4xx_HAL_Driver/Src/stm32l4xx_hal_i2c_ex.o
 .debug_ranges  0x0000000000000778      0x140 Drivers/STM32L4xx_HAL_Driver/Src/stm32l4xx_hal_pwr_ex.o
 .debug_ranges  0x00000000000008b8       0x78 Drivers/STM32L4xx_HAL_Driver/Src/stm32l4xx_hal_rcc.o
 .debug_ranges  0x0000000000000930       0xf8 Drivers/STM32L4xx_HAL_Driver/Src/stm32l4xx_hal_rcc_ex.o
 .debug_ranges  0x0000000000000a28      0x3d0 Drivers/STM32L4xx_HAL_Driver/Src/stm32l4xx_hal_tim.o
 .debug_ranges  0x0000000000000df8      0x170 Drivers/STM32L4xx_HAL_Driver/Src/stm32l4xx_hal_tim_ex.o
 .debug_ranges  0x0000000000000f68      0x2a0 Middlewares/Third_Party/FreeRTOS/Source/CMSIS_RTOS_V2/cmsis_os2.o
 .debug_ranges  0x0000000000001208       0x30 Middlewares/Third_Party/FreeRTOS/Source/list.o
 .debug_ranges  0x0000000000001238      0x148 Middlewares/Third_Party/FreeRTOS/Source/queue.o
 .debug_ranges  0x0000000000001380      0x1f8 Middlewares/Third_Party/FreeRTOS/Source/tasks.o
 .debug_ranges  0x0000000000001578       0xe0 Middlewares/Third_Party/FreeRTOS/Source/timers.o
 .debug_ranges  0x0000000000001658       0x70 Middlewares/Third_Party/FreeRTOS/Source/portable/GCC/ARM_CM4F/port.o
 .debug_ranges  0x00000000000016c8       0x48 Middlewares/Third_Party/FreeRTOS/Source/portable/MemMang/heap_4.o

.debug_macro    0x0000000000000000     0x57e4
 .debug_macro   0x0000000000000000      0x29d Core/Src/fonts.o
 .debug_macro   0x000000000000029d       0x8e Core/Src/fonts.o
 .debug_macro   0x000000000000032b       0x51 Core/Src/fonts.o
 .debug_macro   0x000000000000037c      0x101 Core/Src/fonts.o
 .debug_macro   0x000000000000047d      0x174 Core/Src/fonts.o
 .debug_macro   0x00000000000005f1       0x5c Core/Src/fonts.o
 .debug_macro   0x000000000000064d       0x52 Core/Src/fonts.o
 .debug_macro   0x000000000000069f      0x333 Core/Src/fonts.o
 .debug_macro   0x00000000000009d2       0x10 Core/Src/fonts.o
 .debug_macro   0x00000000000009e2       0x35 Core/Src/fonts.o
 .debug_macro   0x0000000000000a17       0x20 Core/Src/fonts.o
 .debug_macro   0x0000000000000a37      0x44b Core/Src/freertos.o
 .debug_macro   0x0000000000000e82      0x169 Core/Src/freertos.o
 .debug_macro   0x0000000000000feb      0x15a Core/Src/freertos.o
 .debug_macro   0x0000000000001145       0xc9 Core/Src/freertos.o
 .debug_macro   0x000000000000120e       0x1c Core/Src/freertos.o
 .debug_macro   0x000000000000122a       0x26 Core/Src/freertos.o
 .debug_macro   0x0000000000001250      0x4c5 Core/Src/freertos.o
 .debug_macro   0x0000000000001715       0xb5 Core/Src/freertos.o
 .debug_macro   0x00000000000017ca       0xaa Core/Src/freertos.o
 .debug_macro   0x0000000000001874       0x6c Core/Src/freertos.o
 .debug_macro   0x00000000000018e0       0x74 Core/Src/freertos.o
 .debug_macro   0x0000000000001954       0xdd Core/Src/freertos.o
 .debug_macro   0x0000000000001a31       0x16 Core/Src/freertos.o
 .debug_macro   0x0000000000001a47       0x16 Core/Src/freertos.o
 .debug_macro   0x0000000000001a5d       0x29 Core/Src/freertos.o
 .debug_macro   0x0000000000001a86       0x1d Core/Src/freertos.o
 .debug_macro   0x0000000000001aa3       0x1c Core/Src/freertos.o
 .debug_macro   0x0000000000001abf      0x3cb Core/Src/gpio.o
 .debug_macro   0x0000000000001e8a      0x1de Core/Src/i2c.o
 .debug_macro   0x0000000000002068      0x481 Core/Src/main.o
 .debug_macro   0x00000000000024e9      0x169 Core/Src/main.o
 .debug_macro   0x0000000000002652       0x66 Core/Src/main.o
 .debug_macro   0x00000000000026b8      0x328 Core/Src/ssd1306.o
 .debug_macro   0x00000000000029e0      0x1d4 Core/Src/stm32l4xx_hal_msp.o
 .debug_macro   0x0000000000002bb4      0x1c5 Core/Src/stm32l4xx_hal_timebase_tim.o
 .debug_macro   0x0000000000002d79      0x1de Core/Src/stm32l4xx_it.o
 .debug_macro   0x0000000000002f57      0x1cb Core/Src/system_stm32l4xx.o
 .debug_macro   0x0000000000003122      0x213 Drivers/STM32L4xx_HAL_Driver/Src/stm32l4xx_hal.o
 .debug_macro   0x0000000000003335      0x1c5 Drivers/STM32L4xx_HAL_Driver/Src/stm32l4xx_hal_cortex.o
 .debug_macro   0x00000000000034fa      0x204 Drivers/STM32L4xx_HAL_Driver/Src/stm32l4xx_hal_gpio.o
 .debug_macro   0x00000000000036fe      0x28a Drivers/STM32L4xx_HAL_Driver/Src/stm32l4xx_hal_i2c.o
 .debug_macro   0x0000000000003988      0x1c5 Drivers/STM32L4xx_HAL_Driver/Src/stm32l4xx_hal_i2c_ex.o
 .debug_macro   0x0000000000003b4d      0x1ef Drivers/STM32L4xx_HAL_Driver/Src/stm32l4xx_hal_pwr_ex.o
 .debug_macro   0x0000000000003d3c      0x207 Drivers/STM32L4xx_HAL_Driver/Src/stm32l4xx_hal_rcc.o
 .debug_macro   0x0000000000003f43      0x1fb Drivers/STM32L4xx_HAL_Driver/Src/stm32l4xx_hal_rcc_ex.o
 .debug_macro   0x000000000000413e      0x1c6 Drivers/STM32L4xx_HAL_Driver/Src/stm32l4xx_hal_tim.o
 .debug_macro   0x0000000000004304      0x1c5 Drivers/STM32L4xx_HAL_Driver/Src/stm32l4xx_hal_tim_ex.o
 .debug_macro   0x00000000000044c9      0x3bc Middlewares/Third_Party/FreeRTOS/Source/CMSIS_RTOS_V2/cmsis_os2.o
 .debug_macro   0x0000000000004885       0x10 Middlewares/Third_Party/FreeRTOS/Source/CMSIS_RTOS_V2/cmsis_os2.o
 .debug_macro   0x0000000000004895       0xf5 Middlewares/Third_Party/FreeRTOS/Source/CMSIS_RTOS_V2/cmsis_os2.o
 .debug_macro   0x000000000000498a       0x91 Middlewares/Third_Party/FreeRTOS/Source/CMSIS_RTOS_V2/cmsis_os2.o
 .debug_macro   0x0000000000004a1b       0x8d Middlewares/Third_Party/FreeRTOS/Source/CMSIS_RTOS_V2/cmsis_os2.o
 .debug_macro   0x0000000000004aa8       0x9a Middlewares/Third_Party/FreeRTOS/Source/CMSIS_RTOS_V2/cmsis_os2.o
 .debug_macro   0x0000000000004b42       0x22 Middlewares/Third_Party/FreeRTOS/Source/CMSIS_RTOS_V2/cmsis_os2.o
 .debug_macro   0x0000000000004b64      0x187 Middlewares/Third_Party/FreeRTOS/Source/list.o
 .debug_macro   0x0000000000004ceb      0x216 Middlewares/Third_Party/FreeRTOS/Source/queue.o
 .debug_macro   0x0000000000004f01       0x16 Middlewares/Third_Party/FreeRTOS/Source/queue.o
 .debug_macro   0x0000000000004f17       0x87 Middlewares/Third_Party/FreeRTOS/Source/queue.o
 .debug_macro   0x0000000000004f9e      0x27f Middlewares/Third_Party/FreeRTOS/Source/tasks.o
 .debug_macro   0x000000000000521d       0x10 Middlewares/Third_Party/FreeRTOS/Source/tasks.o
 .debug_macro   0x000000000000522d      0x1dc Middlewares/Third_Party/FreeRTOS/Source/timers.o
 .debug_macro   0x0000000000005409       0x97 Middlewares/Third_Party/FreeRTOS/Source/timers.o
 .debug_macro   0x00000000000054a0      0x196 Middlewares/Third_Party/FreeRTOS/Source/portable/GCC/ARM_CM4F/port.o
 .debug_macro   0x0000000000005636      0x1ae Middlewares/Third_Party/FreeRTOS/Source/portable/MemMang/heap_4.o

.debug_line     0x0000000000000000    0x1c49a
 .debug_line    0x0000000000000000      0x82c Core/Src/fonts.o
 .debug_line    0x000000000000082c      0xc8e Core/Src/freertos.o
 .debug_line    0x00000000000014ba      0xa42 Core/Src/gpio.o
 .debug_line    0x0000000000001efc      0x742 Core/Src/i2c.o
 .debug_line    0x000000000000263e      0xb8c Core/Src/main.o
 .debug_line    0x00000000000031ca      0xfff Core/Src/ssd1306.o
 .debug_line    0x00000000000041c9      0x6c7 Core/Src/stm32l4xx_hal_msp.o
 .debug_line    0x0000000000004890      0x722 Core/Src/stm32l4xx_hal_timebase_tim.o
 .debug_line    0x0000000000004fb2      0x792 Core/Src/stm32l4xx_it.o
 .debug_line    0x0000000000005744      0x78e Core/Src/system_stm32l4xx.o
 .debug_line    0x0000000000005ed2       0x87 Core/Startup/startup_stm32l496zgtx.o
 .debug_line    0x0000000000005f59      0xab5 Drivers/STM32L4xx_HAL_Driver/Src/stm32l4xx_hal.o
 .debug_line    0x0000000000006a0e      0xc5c Drivers/STM32L4xx_HAL_Driver/Src/stm32l4xx_hal_cortex.o
 .debug_line    0x000000000000766a      0xb15 Drivers/STM32L4xx_HAL_Driver/Src/stm32l4xx_hal_gpio.o
 .debug_line    0x000000000000817f     0x3286 Drivers/STM32L4xx_HAL_Driver/Src/stm32l4xx_hal_i2c.o
 .debug_line    0x000000000000b405      0x8e3 Drivers/STM32L4xx_HAL_Driver/Src/stm32l4xx_hal_i2c_ex.o
 .debug_line    0x000000000000bce8      0xc7b Drivers/STM32L4xx_HAL_Driver/Src/stm32l4xx_hal_pwr_ex.o
 .debug_line    0x000000000000c963      0xf41 Drivers/STM32L4xx_HAL_Driver/Src/stm32l4xx_hal_rcc.o
 .debug_line    0x000000000000d8a4     0x16bd Drivers/STM32L4xx_HAL_Driver/Src/stm32l4xx_hal_rcc_ex.o
 .debug_line    0x000000000000ef61     0x3c3f Drivers/STM32L4xx_HAL_Driver/Src/stm32l4xx_hal_tim.o
 .debug_line    0x0000000000012ba0     0x1b84 Drivers/STM32L4xx_HAL_Driver/Src/stm32l4xx_hal_tim_ex.o
 .debug_line    0x0000000000014724     0x23c0 Middlewares/Third_Party/FreeRTOS/Source/CMSIS_RTOS_V2/cmsis_os2.o
 .debug_line    0x0000000000016ae4      0x70b Middlewares/Third_Party/FreeRTOS/Source/list.o
 .debug_line    0x00000000000171ef     0x16d5 Middlewares/Third_Party/FreeRTOS/Source/queue.o
 .debug_line    0x00000000000188c4     0x1d8a Middlewares/Third_Party/FreeRTOS/Source/tasks.o
 .debug_line    0x000000000001a64e      0xd68 Middlewares/Third_Party/FreeRTOS/Source/timers.o
 .debug_line    0x000000000001b3b6      0x7af Middlewares/Third_Party/FreeRTOS/Source/portable/GCC/ARM_CM4F/port.o
 .debug_line    0x000000000001bb65      0x935 Middlewares/Third_Party/FreeRTOS/Source/portable/MemMang/heap_4.o

.debug_str      0x0000000000000000   0x10941f
 .debug_str     0x0000000000000000    0xf8298 Core/Src/fonts.o
                                      0xf85fe (size before relaxing)
 .debug_str     0x00000000000f8298     0x625e Core/Src/freertos.o
                                      0xfe811 (size before relaxing)
 .debug_str     0x00000000000fe4f6      0x67a Core/Src/gpio.o
                                      0xfa09e (size before relaxing)
 .debug_str     0x00000000000feb70      0x44b Core/Src/i2c.o
                                      0xf5c87 (size before relaxing)
 .debug_str     0x00000000000fefbb      0x6e9 Core/Src/main.o
                                      0xfee80 (size before relaxing)
 .debug_str     0x00000000000ff6a4      0x528 Core/Src/ssd1306.o
                                      0xf90a0 (size before relaxing)
 .debug_str     0x00000000000ffbcc       0x2c Core/Src/stm32l4xx_hal_msp.o
                                      0xf5cb0 (size before relaxing)
 .debug_str     0x00000000000ffbf8       0x98 Core/Src/stm32l4xx_hal_timebase_tim.o
                                      0xf5fbb (size before relaxing)
 .debug_str     0x00000000000ffc90       0xba Core/Src/stm32l4xx_it.o
                                      0xf5b86 (size before relaxing)
 .debug_str     0x00000000000ffd4a       0xcd Core/Src/system_stm32l4xx.o
                                      0xf554a (size before relaxing)
 .debug_str     0x00000000000ffe17       0x36 Core/Startup/startup_stm32l496zgtx.o
                                         0x6f (size before relaxing)
 .debug_str     0x00000000000ffe4d      0x57b Drivers/STM32L4xx_HAL_Driver/Src/stm32l4xx_hal.o
                                      0xf60a3 (size before relaxing)
 .debug_str     0x00000000001003c8      0x380 Drivers/STM32L4xx_HAL_Driver/Src/stm32l4xx_hal_cortex.o
                                      0xf5e00 (size before relaxing)
 .debug_str     0x0000000000100748      0x21b Drivers/STM32L4xx_HAL_Driver/Src/stm32l4xx_hal_gpio.o
                                      0xf57ca (size before relaxing)
 .debug_str     0x0000000000100963      0xd49 Drivers/STM32L4xx_HAL_Driver/Src/stm32l4xx_hal_i2c.o
                                      0xf664e (size before relaxing)
 .debug_str     0x00000000001016ac       0xb8 Drivers/STM32L4xx_HAL_Driver/Src/stm32l4xx_hal_i2c_ex.o
                                      0xf5a59 (size before relaxing)
 .debug_str     0x0000000000101764      0x4f0 Drivers/STM32L4xx_HAL_Driver/Src/stm32l4xx_hal_pwr_ex.o
                                      0xf5a94 (size before relaxing)
 .debug_str     0x0000000000101c54      0x3a0 Drivers/STM32L4xx_HAL_Driver/Src/stm32l4xx_hal_rcc.o
                                      0xf5b13 (size before relaxing)
 .debug_str     0x0000000000101ff4      0x56f Drivers/STM32L4xx_HAL_Driver/Src/stm32l4xx_hal_rcc_ex.o
                                      0xf5ec6 (size before relaxing)
 .debug_str     0x0000000000102563      0xe6b Drivers/STM32L4xx_HAL_Driver/Src/stm32l4xx_hal_tim.o
                                      0xf67be (size before relaxing)
 .debug_str     0x00000000001033ce      0x65b Drivers/STM32L4xx_HAL_Driver/Src/stm32l4xx_hal_tim_ex.o
                                      0xf6090 (size before relaxing)
 .debug_str     0x0000000000103a29     0x2b61 Middlewares/Third_Party/FreeRTOS/Source/CMSIS_RTOS_V2/cmsis_os2.o
                                      0xffc71 (size before relaxing)
 .debug_str     0x000000000010658a      0x12d Middlewares/Third_Party/FreeRTOS/Source/list.o
                                       0xab48 (size before relaxing)
 .debug_str     0x00000000001066b7      0x948 Middlewares/Third_Party/FreeRTOS/Source/queue.o
                                       0xc4c5 (size before relaxing)
 .debug_str     0x0000000000106fff     0x12ae Middlewares/Third_Party/FreeRTOS/Source/tasks.o
                                       0xd027 (size before relaxing)
 .debug_str     0x00000000001082ad      0x620 Middlewares/Third_Party/FreeRTOS/Source/timers.o
                                       0xca42 (size before relaxing)
 .debug_str     0x00000000001088cd      0x817 Middlewares/Third_Party/FreeRTOS/Source/portable/GCC/ARM_CM4F/port.o
                                       0x868b (size before relaxing)
 .debug_str     0x00000000001090e4      0x33b Middlewares/Third_Party/FreeRTOS/Source/portable/MemMang/heap_4.o
                                       0xb43b (size before relaxing)

.comment        0x0000000000000000       0x53
 .comment       0x0000000000000000       0x53 Core/Src/fonts.o
                                         0x54 (size before relaxing)
 .comment       0x0000000000000053       0x54 Core/Src/freertos.o
 .comment       0x0000000000000053       0x54 Core/Src/gpio.o
 .comment       0x0000000000000053       0x54 Core/Src/i2c.o
 .comment       0x0000000000000053       0x54 Core/Src/main.o
 .comment       0x0000000000000053       0x54 Core/Src/ssd1306.o
 .comment       0x0000000000000053       0x54 Core/Src/stm32l4xx_hal_msp.o
 .comment       0x0000000000000053       0x54 Core/Src/stm32l4xx_hal_timebase_tim.o
 .comment       0x0000000000000053       0x54 Core/Src/stm32l4xx_it.o
 .comment       0x0000000000000053       0x54 Core/Src/system_stm32l4xx.o
 .comment       0x0000000000000053       0x54 Drivers/STM32L4xx_HAL_Driver/Src/stm32l4xx_hal.o
 .comment       0x0000000000000053       0x54 Drivers/STM32L4xx_HAL_Driver/Src/stm32l4xx_hal_cortex.o
 .comment       0x0000000000000053       0x54 Drivers/STM32L4xx_HAL_Driver/Src/stm32l4xx_hal_gpio.o
 .comment       0x0000000000000053       0x54 Drivers/STM32L4xx_HAL_Driver/Src/stm32l4xx_hal_i2c.o
 .comment       0x0000000000000053       0x54 Drivers/STM32L4xx_HAL_Driver/Src/stm32l4xx_hal_i2c_ex.o
 .comment       0x0000000000000053       0x54 Drivers/STM32L4xx_HAL_Driver/Src/stm32l4xx_hal_pwr_ex.o
 .comment       0x0000000000000053       0x54 Drivers/STM32L4xx_HAL_Driver/Src/stm32l4xx_hal_rcc.o
 .comment       0x0000000000000053       0x54 Drivers/STM32L4xx_HAL_Driver/Src/stm32l4xx_hal_rcc_ex.o
 .comment       0x0000000000000053       0x54 Drivers/STM32L4xx_HAL_Driver/Src/stm32l4xx_hal_tim.o
 .comment       0x0000000000000053       0x54 Drivers/STM32L4xx_HAL_Driver/Src/stm32l4xx_hal_tim_ex.o
 .comment       0x0000000000000053       0x54 Middlewares/Third_Party/FreeRTOS/Source/CMSIS_RTOS_V2/cmsis_os2.o
 .comment       0x0000000000000053       0x54 Middlewares/Third_Party/FreeRTOS/Source/list.o
 .comment       0x0000000000000053       0x54 Middlewares/Third_Party/FreeRTOS/Source/queue.o
 .comment       0x0000000000000053       0x54 Middlewares/Third_Party/FreeRTOS/Source/tasks.o
 .comment       0x0000000000000053       0x54 Middlewares/Third_Party/FreeRTOS/Source/timers.o
 .comment       0x0000000000000053       0x54 Middlewares/Third_Party/FreeRTOS/Source/portable/GCC/ARM_CM4F/port.o
 .comment       0x0000000000000053       0x54 Middlewares/Third_Party/FreeRTOS/Source/portable/MemMang/heap_4.o

.debug_frame    0x0000000000000000     0x6724
 .debug_frame   0x0000000000000000       0x38 Core/Src/fonts.o
 .debug_frame   0x0000000000000038       0xfc Core/Src/freertos.o
 .debug_frame   0x0000000000000134       0x58 Core/Src/gpio.o
 .debug_frame   0x000000000000018c       0x74 Core/Src/i2c.o
 .debug_frame   0x0000000000000200       0x90 Core/Src/main.o
 .debug_frame   0x0000000000000290      0x414 Core/Src/ssd1306.o
 .debug_frame   0x00000000000006a4       0x34 Core/Src/stm32l4xx_hal_msp.o
 .debug_frame   0x00000000000006d8       0x74 Core/Src/stm32l4xx_hal_timebase_tim.o
 .debug_frame   0x000000000000074c       0xfc Core/Src/stm32l4xx_it.o
 .debug_frame   0x0000000000000848       0x58 Core/Src/system_stm32l4xx.o
 .debug_frame   0x00000000000008a0      0x498 Drivers/STM32L4xx_HAL_Driver/Src/stm32l4xx_hal.o
 .debug_frame   0x0000000000000d38      0x498 Drivers/STM32L4xx_HAL_Driver/Src/stm32l4xx_hal_cortex.o
 .debug_frame   0x00000000000011d0      0x14c Drivers/STM32L4xx_HAL_Driver/Src/stm32l4xx_hal_gpio.o
 .debug_frame   0x000000000000131c      0xbe8 Drivers/STM32L4xx_HAL_Driver/Src/stm32l4xx_hal_i2c.o
 .debug_frame   0x0000000000001f04      0x100 Drivers/STM32L4xx_HAL_Driver/Src/stm32l4xx_hal_i2c_ex.o